[    0.000000] Initializing cgroup subsys cpuset
[    0.000000] Initializing cgroup subsys cpu
[    0.000000] Initializing cgroup subsys cpuacct
[    0.000000] Linux version 4.4.0-210-generic (buildd@lgw01-amd64-009) (gcc version 5.4.0 20160609 (Ubuntu 5.4.0-6ubuntu1~16.04.12) ) #242-Ubuntu SMP Fri Apr 16 09:57:56 UTC 2021 (Ubuntu 4.4.0-210.242-generic 4.4.262)
[    0.000000] Command line: BOOT_IMAGE=/boot/vmlinuz-4.4.0-210-generic root=LABEL=cloudimg-rootfs ro console=tty1 console=ttyS0
[    0.000000] KERNEL supported cpus:
[    0.000000]   Intel GenuineIntel
[    0.000000]   AMD AuthenticAMD
[    0.000000]   Centaur CentaurHauls
[    0.000000] x86/fpu: Legacy x87 FPU detected.
[    0.000000] e820: BIOS-provided physical RAM map:
[    0.000000] BIOS-e820: [mem 0x0000000000000000-0x000000000009fbff] usable
[    0.000000] BIOS-e820: [mem 0x000000000009fc00-0x000000000009ffff] reserved
[    0.000000] BIOS-e820: [mem 0x00000000000f0000-0x00000000000fffff] reserved
[    0.000000] BIOS-e820: [mem 0x0000000000100000-0x000000003ffeffff] usable
[    0.000000] BIOS-e820: [mem 0x000000003fff0000-0x000000003fffffff] ACPI data
[    0.000000] BIOS-e820: [mem 0x00000000fec00000-0x00000000fec00fff] reserved
[    0.000000] BIOS-e820: [mem 0x00000000fee00000-0x00000000fee00fff] reserved
[    0.000000] BIOS-e820: [mem 0x00000000fffc0000-0x00000000ffffffff] reserved
[    0.000000] NX (Execute Disable) protection: active
[    0.000000] SMBIOS 2.5 present.
[    0.000000] Hypervisor detected: KVM
[    0.000000] Kernel/User page tables isolation: disabled
[    0.000000] e820: last_pfn = 0x3fff0 max_arch_pfn = 0x400000000
[    0.000000] MTRR: Disabled
[    0.000000] x86/PAT: MTRRs disabled, skipping PAT initialization too.
[    0.000000] CPU MTRRs all blank - virtualized system.
[    0.000000] x86/PAT: Configuration [0-7]: WB  WT  UC- UC  WB  WT  UC- UC  
[    0.000000] found SMP MP-table at [mem 0x0009fff0-0x0009ffff] mapped at [ffff88000009fff0]
[    0.000000] Scanning 1 areas for low memory corruption
[    0.000000] RAMDISK: [mem 0x362dc000-0x37165fff]
[    0.000000] ACPI: Early table checksum verification disabled
[    0.000000] ACPI: RSDP 0x00000000000E0000 000024 (v02 VBOX  )
[    0.000000] ACPI: XSDT 0x000000003FFF0030 00003C (v01 VBOX   VBOXXSDT 00000001 ASL  00000061)
[    0.000000] ACPI: FACP 0x000000003FFF00F0 0000F4 (v04 VBOX   VBOXFACP 00000001 ASL  00000061)
[    0.000000] ACPI: DSDT 0x000000003FFF0470 002325 (v02 VBOX   VBOXBIOS 00000002 INTL 20100528)
[    0.000000] ACPI: FACS 0x000000003FFF0200 000040
[    0.000000] ACPI: FACS 0x000000003FFF0200 000040
[    0.000000] ACPI: APIC 0x000000003FFF0240 00005C (v02 VBOX   VBOXAPIC 00000001 ASL  00000061)
[    0.000000] ACPI: SSDT 0x000000003FFF02A0 0001CC (v01 VBOX   VBOXCPUT 00000002 INTL 20100528)
[    0.000000] No NUMA configuration found
[    0.000000] Faking a node at [mem 0x0000000000000000-0x000000003ffeffff]
[    0.000000] NODE_DATA(0) allocated [mem 0x3ffeb000-0x3ffeffff]
[    0.000000] kvm-clock: Using msrs 4b564d01 and 4b564d00
[    0.000000] kvm-clock: cpu 0, msr 0:3ffe3001, primary cpu clock
[    0.000000] kvm-clock: using sched offset of 3594132252 cycles
[    0.000000] clocksource: kvm-clock: mask: 0xffffffffffffffff max_cycles: 0x1cd42e4dffb, max_idle_ns: 881590591483 ns
[    0.000000] Zone ranges:
[    0.000000]   DMA      [mem 0x0000000000001000-0x0000000000ffffff]
[    0.000000]   DMA32    [mem 0x0000000001000000-0x000000003ffeffff]
[    0.000000]   Normal   empty
[    0.000000]   Device   empty
[    0.000000] Movable zone start for each node
[    0.000000] Early memory node ranges
[    0.000000]   node   0: [mem 0x0000000000001000-0x000000000009efff]
[    0.000000]   node   0: [mem 0x0000000000100000-0x000000003ffeffff]
[    0.000000] Initmem setup node 0 [mem 0x0000000000001000-0x000000003ffeffff]
[    0.000000] ACPI: PM-Timer IO Port: 0x4008
[    0.000000] IOAPIC[0]: apic_id 2, version 32, address 0xfec00000, GSI 0-23
[    0.000000] ACPI: INT_SRC_OVR (bus 0 bus_irq 0 global_irq 2 dfl dfl)
[    0.000000] ACPI: INT_SRC_OVR (bus 0 bus_irq 9 global_irq 9 low level)
[    0.000000] Using ACPI (MADT) for SMP configuration information
[    0.000000] smpboot: Allowing 2 CPUs, 0 hotplug CPUs
[    0.000000] PM: Registered nosave memory: [mem 0x00000000-0x00000fff]
[    0.000000] PM: Registered nosave memory: [mem 0x0009f000-0x0009ffff]
[    0.000000] PM: Registered nosave memory: [mem 0x000a0000-0x000effff]
[    0.000000] PM: Registered nosave memory: [mem 0x000f0000-0x000fffff]
[    0.000000] e820: [mem 0x40000000-0xfebfffff] available for PCI devices
[    0.000000] Booting paravirtualized kernel on KVM
[    0.000000] clocksource: refined-jiffies: mask: 0xffffffff max_cycles: 0xffffffff, max_idle_ns: 7645519600211568 ns
[    0.000000] setup_percpu: NR_CPUS:512 nr_cpumask_bits:512 nr_cpu_ids:2 nr_node_ids:1
[    0.000000] PERCPU: Embedded 33 pages/cpu @ffff88003fc00000 s95192 r8192 d31784 u1048576
[    0.000000] Built 1 zonelists in Node order, mobility grouping on.  Total pages: 257912
[    0.000000] Policy zone: DMA32
[    0.000000] Kernel command line: BOOT_IMAGE=/boot/vmlinuz-4.4.0-210-generic root=LABEL=cloudimg-rootfs ro console=tty1 console=ttyS0
[    0.000000] PID hash table entries: 4096 (order: 3, 32768 bytes)
[    0.000000] Memory: 997792K/1048120K available (8644K kernel code, 1332K rwdata, 4044K rodata, 1492K init, 1164K bss, 50328K reserved, 0K cma-reserved)
[    0.000000] SLUB: HWalign=64, Order=0-3, MinObjects=0, CPUs=2, Nodes=1
[    0.000000] Hierarchical RCU implementation.
[    0.000000] 	Build-time adjustment of leaf fanout to 64.
[    0.000000] 	RCU restricting CPUs from NR_CPUS=512 to nr_cpu_ids=2.
[    0.000000] RCU: Adjusting geometry for rcu_fanout_leaf=64, nr_cpu_ids=2
[    0.000000] NR_IRQS:33024 nr_irqs:440 16
[    0.000000] Console: colour VGA+ 80x25
[    0.000000] console [tty1] enabled
[    0.000000] console [ttyS0] enabled
[    0.000000] tsc: Detected 3600.010 MHz processor
[    0.456728] Calibrating delay loop (skipped) preset value.. 7200.02 BogoMIPS (lpj=14400040)
[    0.462912] pid_max: default: 32768 minimum: 301
[    0.466227] ACPI: Core revision 20150930
[    0.469963] ACPI: 2 ACPI AML tables successfully acquired and loaded
[    0.475399] Security Framework initialized
[    0.478993] Yama: becoming mindful.
[    0.481876] AppArmor: AppArmor initialized
[    0.485295] Dentry cache hash table entries: 131072 (order: 8, 1048576 bytes)
[    0.494040] Inode-cache hash table entries: 65536 (order: 7, 524288 bytes)
[    0.500882] Mount-cache hash table entries: 2048 (order: 2, 16384 bytes)
[    0.505812] Mountpoint-cache hash table entries: 2048 (order: 2, 16384 bytes)
[    0.513171] Initializing cgroup subsys io
[    0.518183] Initializing cgroup subsys memory
[    0.522535] Initializing cgroup subsys devices
[    0.526061] Initializing cgroup subsys freezer
[    0.529690] Initializing cgroup subsys net_cls
[    0.533523] Initializing cgroup subsys perf_event
[    0.539338] Initializing cgroup subsys net_prio
[    0.545275] Initializing cgroup subsys hugetlb
[    0.550770] Initializing cgroup subsys pids
[    0.556079] mce: CPU supports 0 MCE banks
[    0.559250] Last level iTLB entries: 4KB 128, 2MB 8, 4MB 8
[    0.565104] Last level dTLB entries: 4KB 64, 2MB 0, 4MB 0, 1GB 4
[    0.571679] Spectre V1 : Mitigation: usercopy/swapgs barriers and __user pointer sanitization
[    0.582253] Spectre V2 : Mitigation: Full generic retpoline
[    0.587878] Spectre V2 : Spectre v2 / SpectreRSB mitigation: Filling RSB on context switch
[    0.595721] Speculative Store Bypass: Vulnerable
[    0.599923] MDS: Mitigation: Clear CPU buffers
[    0.634215] Freeing SMP alternatives memory: 36K
[    0.704751] ftrace: allocating 32380 entries in 127 pages
[    1.174999] smpboot: APIC(0) Converting physical 0 to logical package 0
[    1.180923] smpboot: Max logical packages: 1
[    1.195560] ..TIMER: vector=0x30 apic1=0 pin1=2 apic2=-1 pin2=-1
[    1.309544] smpboot: CPU0: Intel(R) Core(TM) i7-9700K CPU @ 3.60GHz (family: 0x6, model: 0x9e, stepping: 0xc)
[    1.318871] Performance Events: unsupported p6 CPU model 158 no PMU driver, software events only.
[    1.397448] KVM setup paravirtual spinlock
[    1.402381] x86: Booting SMP configuration:
[    1.405468] .... node  #0, CPUs:      #1
[    1.409771] kvm-clock: cpu 1, msr 0:3ffe3041, secondary cpu clock
[    1.413875] mce: CPU supports 0 MCE banks
[    1.417454] TSC synchronization [CPU#0 -> CPU#1]:
[    1.421228] Measured 66865 cycles TSC warp between CPUs, turning off TSC clock.
[    1.426315] tsc: Marking TSC unstable due to check_tsc_sync_source failed
[    0.445164] x86: Booted up 1 node, 2 CPUs
[    0.448002] smpboot: Total of 2 processors activated (14400.04 BogoMIPS)
[    0.453793] devtmpfs: initialized
[    0.457498] evm: security.selinux
[    0.460003] evm: security.SMACK64
[    0.464002] evm: security.SMACK64EXEC
[    0.466581] evm: security.SMACK64TRANSMUTE
[    0.468002] evm: security.SMACK64MMAP
[    0.470613] evm: security.ima
[    0.472002] evm: security.capability
[    0.476347] clocksource: jiffies: mask: 0xffffffff max_cycles: 0xffffffff, max_idle_ns: 7645041785100000 ns
[    0.480012] futex hash table entries: 512 (order: 3, 32768 bytes)
[    0.484275] pinctrl core: initialized pinctrl subsystem
[    0.488301] RTC time: 15:14:23, date: 10/18/22
[    0.492790] NET: Registered protocol family 16
[    0.508013] cpuidle: using governor ladder
[    0.520011] cpuidle: using governor menu
[    0.523231] PCCT header not found.
[    0.524089] ACPI: bus type PCI registered
[    0.527257] acpiphp: ACPI Hot Plug PCI Controller Driver version: 0.5
[    0.528375] PCI: Using configuration type 1 for base access
[    0.548385] ACPI: Added _OSI(Module Device)
[    0.552003] ACPI: Added _OSI(Processor Device)
[    0.556002] ACPI: Added _OSI(3.0 _SCP Extensions)
[    0.559275] ACPI: Added _OSI(Processor Aggregator Device)
[    0.560980] ACPI: Executed 1 blocks of module-level executable AML code
[    0.570137] ACPI: Interpreter enabled
[    0.572012] ACPI: (supports S0 S5)
[    0.574886] ACPI: Using IOAPIC for interrupt routing
[    0.576287] PCI: Using host bridge windows from ACPI; if necessary, use "pci=nocrs" and report a bug
[    0.585339] ACPI: PCI Root Bridge [PCI0] (domain 0000 [bus 00-ff])
[    0.588013] acpi PNP0A03:00: _OSC: OS supports [ASPM ClockPM Segments MSI]
[    0.592597] acpi PNP0A03:00: _OSC: not requesting OS control; OS requires [ExtendedConfig ASPM ClockPM MSI]
[    0.596016] acpi PNP0A03:00: fail to add MMCONFIG information, can't access extended PCI configuration space under this bridge.
[    0.600595] PCI host bridge to bus 0000:00
[    0.604004] pci_bus 0000:00: root bus resource [io  0x0000-0x0cf7 window]
[    0.608004] pci_bus 0000:00: root bus resource [io  0x0d00-0xffff window]
[    0.612008] pci_bus 0000:00: root bus resource [mem 0x000a0000-0x000bffff window]
[    0.616007] pci_bus 0000:00: root bus resource [mem 0x40000000-0xfdffffff window]
[    0.620006] pci_bus 0000:00: root bus resource [bus 00-ff]
[    0.631076] pci 0000:00:01.1: legacy IDE quirk: reg 0x10: [io  0x01f0-0x01f7]
[    0.632004] pci 0000:00:01.1: legacy IDE quirk: reg 0x14: [io  0x03f6]
[    0.636003] pci 0000:00:01.1: legacy IDE quirk: reg 0x18: [io  0x0170-0x0177]
[    0.640003] pci 0000:00:01.1: legacy IDE quirk: reg 0x1c: [io  0x0376]
[    0.665870] pci 0000:00:07.0: quirk: [io  0x4000-0x403f] claimed by PIIX4 ACPI
[    0.668035] pci 0000:00:07.0: quirk: [io  0x4100-0x410f] claimed by PIIX4 SMB
[    0.682729] ACPI: PCI Interrupt Link [LNKA] (IRQs 5 9 10 *11)
[    0.692406] ACPI: PCI Interrupt Link [LNKB] (IRQs 5 9 *10 11)
[    0.700914] ACPI: PCI Interrupt Link [LNKC] (IRQs 5 *9 10 11)
[    0.708168] ACPI: PCI Interrupt Link [LNKD] (IRQs 5 9 10 *11)
[    0.714394] ACPI: Enabled 2 GPEs in block 00 to 07
[    0.720039] vgaarb: setting as boot device: PCI:0000:00:02.0
[    0.724000] vgaarb: device added: PCI:0000:00:02.0,decodes=io+mem,owns=io+mem,locks=none
[    0.724005] vgaarb: loaded
[    0.726193] vgaarb: bridge control possible 0000:00:02.0
[    0.732168] SCSI subsystem initialized
[    0.735033] ACPI: bus type USB registered
[    0.736030] usbcore: registered new interface driver usbfs
[    0.740029] usbcore: registered new interface driver hub
[    0.744009] usbcore: registered new device driver usb
[    0.748372] PCI: Using ACPI for IRQ routing
[    0.752687] NetLabel: Initializing
[    0.756003] NetLabel:  domain hash size = 128
[    0.760003] NetLabel:  protocols = UNLABELED CIPSOv4
[    0.764015] NetLabel:  unlabeled traffic allowed by default
[    0.768118] amd_nb: Cannot enumerate AMD northbridges
[    0.772235] clocksource: Switched to clocksource kvm-clock
[    0.796307] AppArmor: AppArmor Filesystem Enabled
[    0.799960] pnp: PnP ACPI init
[    0.800089] pnp: PnP ACPI: found 3 devices
[    0.843815] clocksource: acpi_pm: mask: 0xffffff max_cycles: 0xffffff, max_idle_ns: 2085701024 ns
[    0.844152] NET: Registered protocol family 2
[    0.854548] TCP established hash table entries: 8192 (order: 4, 65536 bytes)
[    0.860293] TCP bind hash table entries: 8192 (order: 5, 131072 bytes)
[    0.864097] TCP: Hash tables configured (established 8192 bind 8192)
[    0.864097] UDP hash table entries: 512 (order: 2, 16384 bytes)
[    0.864097] UDP-Lite hash table entries: 512 (order: 2, 16384 bytes)
[    0.864097] NET: Registered protocol family 1
[    0.864097] pci 0000:00:00.0: Limiting direct PCI/PCI transfers
[    0.864097] pci 0000:00:01.0: Activating ISA DMA hang workarounds
[    0.864097] Unpacking initramfs...
[    0.864097] Freeing initrd memory: 14888K
[    0.864097] clocksource: tsc: mask: 0xffffffffffffffff max_cycles: 0x33e45cd82d3, max_idle_ns: 440795345741 ns
[    0.864097] platform rtc_cmos: registered platform RTC device (no PNP device found)
[    0.864097] Scanning for low memory corruption every 60 seconds
[    1.168774] audit: initializing netlink subsys (disabled)
[    1.173069] audit: type=2000 audit(1666106068.400:1): initialized
[    1.177729] Initialise system trusted keyring
[    1.182118] HugeTLB registered 2 MB page size, pre-allocated 0 pages
[    1.189936] zbud: loaded
[    1.193186] VFS: Disk quotas dquot_6.6.0
[    1.196297] VFS: Dquot-cache hash table entries: 512 (order 0, 4096 bytes)
[    1.201893] squashfs: version 4.0 (2009/01/31) Phillip Lougher
[    1.207711] fuse init (API version 7.23)
[    1.211405] Key type big_key registered
[    1.214305] Allocating IMA MOK and blacklist keyrings.
[    1.229392] Key type asymmetric registered
[    1.232877] Asymmetric key parser 'x509' registered
[    1.236530] Block layer SCSI generic (bsg) driver version 0.4 loaded (major 249)
[    1.243071] io scheduler noop registered
[    1.246169] io scheduler deadline registered (default)
[    1.250811] io scheduler cfq registered
[    1.254203] pci_hotplug: PCI Hot Plug PCI Core version: 0.5
[    1.258334] pciehp: PCI Express Hot Plug Controller Driver version: 0.4
[    1.262284] ACPI: AC Adapter [AC] (on-line)
[    1.262284] input: Power Button as /devices/LNXSYSTM:00/LNXPWRBN:00/input/input0
[    1.262284] ACPI: Power Button [PWRF]
[    1.262284] input: Sleep Button as /devices/LNXSYSTM:00/LNXSLPBN:00/input/input1
[    1.281357] ACPI: Sleep Button [SLPF]
[    1.285316] GHES: HEST is not enabled!
[    1.288865] Serial: 8250/16550 driver, 32 ports, IRQ sharing enabled
[    1.318340] 00:02: ttyS0 at I/O 0x3f8 (irq = 4, base_baud = 115200) is a 16550A
[    1.340948] Linux agpgart interface v0.103
[    1.355406] loop: module loaded
[    1.361112] scsi host0: ata_piix
[    1.365900] scsi host1: ata_piix
[    1.368477] ata1: PATA max UDMA/33 cmd 0x1f0 ctl 0x3f6 bmdma 0xd000 irq 14
[    1.373788] ata2: PATA max UDMA/33 cmd 0x170 ctl 0x376 bmdma 0xd008 irq 15
[    1.378860] libphy: Fixed MDIO Bus: probed
[    1.382480] tun: Universal TUN/TAP device driver, 1.6
[    1.386375] tun: (C) 1999-2004 Max Krasnyansky <maxk@qualcomm.com>
[    1.391506] PPP generic driver version 2.4.2
[    1.395762] ehci_hcd: USB 2.0 'Enhanced' Host Controller (EHCI) Driver
[    1.400620] ehci-pci: EHCI PCI platform driver
[    1.404142] ehci-platform: EHCI generic platform driver
[    1.407947] ohci_hcd: USB 1.1 'Open' Host Controller (OHCI) Driver
[    1.412726] ohci-pci: OHCI PCI platform driver
[    1.416599] ohci-platform: OHCI generic platform driver
[    1.421003] uhci_hcd: USB Universal Host Controller Interface driver
[    1.425763] i8042: PNP: PS/2 Controller [PNP0303:PS2K,PNP0f03:PS2M] at 0x60,0x64 irq 1,12
[    1.434991] serio: i8042 KBD port at 0x60,0x64 irq 1
[    1.439225] serio: i8042 AUX port at 0x60,0x64 irq 12
[    1.444669] mousedev: PS/2 mouse device common for all mice
[    1.451901] rtc_cmos rtc_cmos: rtc core: registered rtc_cmos as rtc0
[    1.457747] rtc_cmos rtc_cmos: alarms up to one day, 114 bytes nvram
[    1.462500] input: AT Translated Set 2 keyboard as /devices/platform/i8042/serio0/input/input2
[    1.468950] i2c /dev entries driver
[    1.472281] device-mapper: uevent: version 1.0.3
[    1.476665] device-mapper: ioctl: 4.34.0-ioctl (2015-10-28) initialised: dm-devel@redhat.com
[    1.483351] ledtrig-cpu: registered to indicate activity on CPUs
[    1.490667] NET: Registered protocol family 10
[    1.494373] NET: Registered protocol family 17
[    1.497931] Key type dns_resolver registered
[    1.503005] registered taskstats version 1
[    1.506275] Loading compiled-in X.509 certificates
[    1.510598] Loaded X.509 cert 'Build time autogenerated kernel key: cf00e047681d67edb2720680708b7d9498083038'
[    1.518268] zswap: loaded using pool lzo/zbud
[    1.526186] Key type trusted registered
[    1.587087] Key type encrypted registered
[    1.590358] AppArmor: AppArmor sha1 policy hashing enabled
[    1.594871] ima: No TPM chip found, activating TPM-bypass!
[    1.599292] ima: Allocated hash algorithm: sha1
[    1.603422] evm: HMAC attrs: 0x1
[    1.608517]   Magic number: 10:137:235
[    1.612172] rtc_cmos rtc_cmos: setting system clock to 2022-10-18 15:14:24 UTC (1666106064)
[    1.620620] BIOS EDD facility v0.16 2004-Jun-25, 0 devices found
[    1.625691] EDD information not available.
[    1.631515] Freeing unused kernel memory: 1492K
[    1.644283] Write protecting the kernel read-only data: 14336k
[    1.649542] Freeing unused kernel memory: 1584K
[    1.653292] Freeing unused kernel memory: 52K
Loading, please wait...
starting version 229
[    1.677452] random: systemd-udevd: uninitialized urandom read (16 bytes read, 5 bits of entropy available)
[    1.678096] random: udevadm: uninitialized urandom read (16 bytes read, 5 bits of entropy available)
[    1.678109] random: udevadm: uninitialized urandom read (16 bytes read, 5 bits of entropy available)
[    1.686972] random: udevadm: uninitialized urandom read (16 bytes read, 5 bits of entropy available)
[    1.686997] random: udevadm: uninitialized urandom read (16 bytes read, 5 bits of entropy available)
[    1.687131] random: udevadm: uninitialized urandom read (16 bytes read, 5 bits of entropy available)
[    1.687163] random: udevadm: uninitialized urandom read (16 bytes read, 5 bits of entropy available)
[    1.687250] random: udevadm: uninitialized urandom read (16 bytes read, 5 bits of entropy available)
[    1.687281] random: udevadm: uninitialized urandom read (16 bytes read, 5 bits of entropy available)
[    1.687330] random: udevadm: uninitialized urandom read (16 bytes read, 5 bits of entropy available)
[    1.778440] Fusion MPT base driver 3.04.20
[    1.781886] Copyright (c) 1999-2008 LSI Corporation
[    1.787398] e1000: Intel(R) PRO/1000 Network Driver - version 7.3.21-k8-NAPI
[    1.789856] e1000: Copyright (c) 1999-2006 Intel Corporation.
[    1.811709] Fusion MPT SPI Host driver 3.04.20
[    2.361647] input: ImExPS/2 Generic Explorer Mouse as /devices/platform/i8042/serio1/input/input4
[    2.392921] e1000 0000:00:03.0 eth0: (PCI:33MHz:32-bit) 02:be:82:6b:cc:1d
[    2.397858] e1000 0000:00:03.0 eth0: Intel(R) PRO/1000 Network Connection
[    2.404124] mptbase: ioc0: Initiating bringup
[    2.481649] ioc0: LSI53C1030 A0: Capabilities={Initiator}
[    2.980314] scsi host2: ioc0: LSI53C1030 A0, FwRev=00000000h, Ports=1, MaxQ=256, IRQ=20
[    3.301292] scsi 2:0:0:0: Direct-Access     VBOX     HARDDISK         1.0  PQ: 0 ANSI: 5
[    3.309920] scsi target2:0:0: Beginning Domain Validation
[    3.319969] scsi target2:0:0: Domain Validation skipping write tests
[    3.325275] scsi target2:0:0: Ending Domain Validation
[    3.330058] scsi target2:0:0: asynchronous
[    3.336822] scsi 2:0:1:0: Direct-Access     VBOX     HARDDISK         1.0  PQ: 0 ANSI: 5
[    3.343308] scsi target2:0:1: Beginning Domain Validation
[    3.352961] scsi target2:0:1: Domain Validation skipping write tests
[    3.358596] scsi target2:0:1: Ending Domain Validation
[    3.363651] scsi target2:0:1: asynchronous
[    3.389684] sd 2:0:0:0: Attached scsi generic sg0 type 0
[    3.395950] sd 2:0:1:0: [sdb] 20480 512-byte logical blocks: (10.5 MB/10.0 MiB)
[    3.402844] sd 2:0:1:0: Attached scsi generic sg1 type 0
[    3.408335] sd 2:0:1:0: [sdb] Write Protect is off
[    3.409421] sd 2:0:0:0: [sda] 83886080 512-byte logical blocks: (42.9 GB/40.0 GiB)
[    3.419173] sd 2:0:0:0: [sda] Write Protect is off
[    3.441783] sd 2:0:1:0: [sdb] Incomplete mode parameter data
[    3.446888] sd 2:0:1:0: [sdb] Assuming drive cache: write through
[    3.453656] sd 2:0:0:0: [sda] Incomplete mode parameter data
[    3.458370] sd 2:0:0:0: [sda] Assuming drive cache: write through
[    3.468634] sd 2:0:1:0: [sdb] Attached SCSI disk
[    3.472622]  sda: sda1
[    3.477021] sd 2:0:0:0: [sda] Attached SCSI disk
[    4.302414] e1000 0000:00:08.0 eth1: (PCI:33MHz:32-bit) 08:00:27:9a:e5:8d
[    4.309590] e1000 0000:00:08.0 eth1: Intel(R) PRO/1000 Network Connection
[    4.316483] e1000 0000:00:03.0 enp0s3: renamed from eth0
[    4.332835] e1000 0000:00:08.0 enp0s8: renamed from eth1
Begin: Loading essential drivers ... [    5.798677] md: linear personality registered for level -1
[    5.806511] md: multipath personality registered for level -4
[    5.813922] md: raid0 personality registered for level 0
[    5.829410] md: raid1 personality registered for level 1
[    6.366426] raid6: sse2x1   gen() 126197 MB/s
[    7.366910] raid6: sse2x1   xor() 191735 MB/s
[    8.366133] raid6: sse2x2   gen() 300994 MB/s
[    9.368346] raid6: sse2x2   xor() 222397 MB/s
[   10.365177] raid6: sse2x4   gen() 353182 MB/s
[   11.364423] raid6: sse2x4   xor() 243014 MB/s
[   11.368313] raid6: using algorithm sse2x4 gen() 353182 MB/s
[   11.372919] raid6: .... xor() 243014 MB/s, rmw enabled
[   11.377377] raid6: using ssse3x2 recovery algorithm
[   11.384243] xor: measuring software checksum speed
[   11.425902]    prefetch64-sse: 25198.000 MB/sec
[   11.468716]    generic_sse: 24167.000 MB/sec
[   11.472118] xor: using function: prefetch64-sse (25198.000 MB/sec)
[   11.478867] async_tx: api initialized (async)
[   11.516846] md: raid6 personality registered for level 6
[   11.521163] md: raid5 personality registered for level 5
[   11.525697] md: raid4 personality registered for level 4
[   11.546432] md: raid10 personality registered for level 10
done.
Begin: Running /scripts/init-premount ... done.
Begin: Mounting root file system ... Begin: Running /scripts/local-top ... done.
Begin: Running /scripts/local-premount ... [   11.615771] Btrfs loaded
Scanning for Btrfs filesystems
done.
Warning: fsck not present, so skipping root file system
[   11.664384] EXT4-fs (sda1): mounted filesystem with ordered data mode. Opts: (null)
done.
Begin: Running /scripts/local-bottom ... done.
Begin: Running /scripts/init-bottom ... done.
[   11.811994] systemd[1]: systemd 229 running in system mode. (+PAM +AUDIT +SELINUX +IMA +APPARMOR +SMACK +SYSVINIT +UTMP +LIBCRYPTSETUP +GCRYPT +GNUTLS +ACL +XZ -LZ4 +SECCOMP +BLKID +ELFUTILS +KMOD -IDN)
[   11.825282] systemd[1]: Detected virtualization oracle.
[   11.829384] systemd[1]: Detected architecture x86-64.

Welcome to [1mUbuntu 16.04.7 LTS[0m!

[   11.841498] systemd[1]: Set hostname to <ubuntu>.
[   11.850339] systemd[1]: Initializing machine ID from random generator.
[   11.855674] systemd[1]: Installed transient /etc/machine-id file.
[   12.164909] systemd[1]: Listening on LVM2 metadata daemon socket.
[[0;32m  OK  [0m] Listening on LVM2 metadata daemon socket.
[   12.174581] systemd[1]: Started Trigger resolvconf update for networkd DNS.
[[0;32m  OK  [0m] Started Trigger resolvconf update for networkd DNS.
[   12.185067] systemd[1]: Created slice System Slice.
[[0;32m  OK  [0m] Created slice System Slice.
[   12.194007] systemd[1]: Reached target System Time Synchronized.
[[0;32m  OK  [0m] Reached target System Time Synchronized.
[   12.204838] systemd[1]: Started Forward Password Requests to Wall Directory Watch.
[[0;32m  OK  [0m] Started Forward Password Requests to Wall Directory Watch.
[   12.215658] systemd[1]: Listening on Device-mapper event daemon FIFOs.
[[0;32m  OK  [0m] Listening on Device-mapper event daemon FIFOs.
[   12.226569] systemd[1]: Listening on /dev/initctl Compatibility Named Pipe.
[[0;32m  OK  [0m] Listening on /dev/initctl Compatibility Named Pipe.
[   12.236808] systemd[1]: Reached target Swap.
[[0;32m  OK  [0m] Reached target Swap.
[   12.245042] systemd[1]: Listening on fsck to fsckd communication Socket.
[[0;32m  OK  [0m] Listening on fsck to fsckd communication Socket.
[   12.254904] systemd[1]: Listening on Journal Socket (/dev/log).
[[0;32m  OK  [0m] Listening on Journal Socket (/dev/log).
[   12.264572] systemd[1]: Reached target User and Group Name Lookups.
[[0;32m  OK  [0m] Reached target User and Group Name Lookups.
[   12.274301] systemd[1]: Set up automount Arbitrary Executable File Formats File System Automount Point.
[[0;32m  OK  [0m] Set up automount Arbitrary Executab...ats File System Automount Point.
[   12.286736] systemd[1]: Listening on Journal Socket.
[[0;32m  OK  [0m] Listening on Journal Socket.
[   12.308642] systemd[1]: Mounting Huge Pages File System...
         Mounting Huge Pages File System...
[   12.317737] systemd[1]: Starting File System Check on Root Device...
         Starting File System Check on Root Device...
[   12.329018] systemd[1]: Mounting Debug File System...
         Mounting Debug File System...
[   12.339383] systemd[1]: Starting Set console keymap...
         Starting Set console keymap...
[   12.350604] systemd[1]: Mounting POSIX Message Queue File System...
         Mounting POSIX Message Queue File System...
[   12.360608] systemd[1]: Starting Nameserver information manager...
         Starting Nameserver information manager...
[   12.371465] systemd[1]: Listening on udev Kernel Socket.
[[0;32m  OK  [0m] Listening on udev Kernel Socket.
[   12.380680] systemd[1]: Listening on udev Control Socket.
[[0;32m  OK  [0m] Listening on udev Control Socket.
[   12.400492] systemd[1]: Starting Create list of required static device nodes for the current kernel...
         Starting Create list of required st... nodes for the current kernel...
[   12.413728] systemd[1]: Starting Monitoring of LVM2 mirrors, snapshots etc. using dmeventd or progress polling...
         Starting Monitoring of LVM2 mirrors... dmeventd or progress polling...
[   12.427166] systemd[1]: Listening on LVM2 poll daemon socket.
[[0;32m  OK  [0m] Listening on LVM2 poll daemon socket.
[   12.439438] systemd[1]: Listening on Journal Audit Socket.
[[0;32m  OK  [0m] Listening on Journal Audit Socket.
[   12.460525] systemd[1]: Starting Uncomplicated firewall...
         Starting Uncomplicated firewall...
[   12.469973] systemd[1]: Listening on Syslog Socket.
[[0;32m  OK  [0m] Listening on Syslog Socket.
[   12.480451] systemd[1]: Starting Load Kernel Modules...
         Starting Load Kernel Modules...
[   12.492994] systemd[1]: Created slice User and Session Slice.
[[0;32m  OK  [0m] Created slice User and Session Slice.
[   12.502568] systemd[1]: Reached target Slices.
[   12.507541] Loading iSCSI transport class v2.0-870.
[[0;32m  OK  [0m] Reached target Slices.
[   12.513975] systemd[1]: Created slice system-serial\x2dgetty.slice.
[[0;32m  OK  [0m] Created slice system-serial\x2dgetty.slice.
[   12.525592] systemd[1]: Reached target Encrypted Volumes.
[[0;32m  OK  [0m] Reached target Encrypted Volumes.[   12.535216] iscsi: registered transport (tcp)

[   12.553274] systemd[1]: Starting Journal Service...
         Starting Journal Service...
[   12.567722] systemd[1]: Mounted Huge Pages File System.
[[0;32m  OK  [0m] Mounted Huge Pages File System.
[   12.581145] systemd[1]: Mounted POSIX Message Queue File System.
[[0;32m  OK  [0m] Mounted POSIX Message Queue File System.
[   12.590827] systemd[1]: Mounted Debug File System.
[[0;32m  OK  [0m] Mounted Debug File System.
[   12.601130] systemd[1]: Started Journal Service.
[[0;32m  OK  [0m] Started Journal Service.
[[0;32m  OK  [0m] Started File System Check on Root Device.
[[0;32m  OK  [0m] Started Set console keymap.
[   12.632206] iscsi: registered transport (iser)
[[0;32m  OK  [0m] Started Create list of required sta...ce nodes for the current kernel.
[[0;32m  OK  [0m] Started Uncomplicated firewall.
[[0;32m  OK  [0m] Started Load Kernel Modules.
[[0;32m  OK  [0m] Started Nameserver information manager.
[[0;32m  OK  [0m] Started File System Check Daemon to report status.
[[0;32m  OK  [0m] Started LVM2 metadata daemon.
         Starting Apply Kernel Variables...
         Mounting FUSE Control File System...
         Starting Create Static Device Nodes in /dev...
         Starting Remount Root and Kernel File Systems...
[[0;32m  OK  [0m] Mounted FUSE Control File System.
[[0;32m  OK  [0m] Started Apply Kernel Variables.
[[0;32m  OK  [0m] Started Create Static Device Nodes in /dev.
[[0;32m  OK  [0m] Started Remount Root and Kernel File Systems.
         Starting Flush Journal to Persistent Storage...
         Starting Load/Save Random Seed...
         Starting udev Coldplug all Devices...
         Starting udev Kernel Device Manager...
[[0;32m  OK  [0m] Started Load/Save Random Seed.
[[0;32m  OK  [0m] Started Monitoring of LVM2 mirrors,...ng dmeventd or progress polling.
[[0;32m  OK  [0m] Reached target Local File Systems (Pre).
[[0;32m  OK  [0m] Reached target Local File Systems.
         Starting Set console font and keymap...
         Starting Tell Plymouth To Write Out Runtime Data...
         Starting Commit a transient machine-id on disk...
         Starting Initial cloud-init job (pre-networking)...
         Starting LSB: AppArmor initialization...
[[0;32m  OK  [0m] Started udev Coldplug all Devices.
[[0;32m  OK  [0m] Started Flush Journal to Persistent Storage.
[[0;32m  OK  [0m] Started Tell Plymouth To Write Out Runtime Data.
         Starting Create Volatile Files and Directories...
[[0;32m  OK  [0m] Started Create Volatile Files and Directories.
         Starting Update UTMP about System Boot/Shutdown...
[[0;32m  OK  [0m] Started Commit a transient machine-id on disk.
[[0;32m  OK  [0m] Started Update UTMP about System Boot/Shutdown.
[[0;32m  OK  [0m] Started udev Kernel Device Manager.
[[0;32m  OK  [0m] Started Dispatch Password Requests to Console Directory Watch.
[[0;32m  OK  [0m] Found device /dev/ttyS0.
[[0;32m  OK  [0m] Listening on Load/Save RF Kill Switch Status /dev/rfkill Watch.
[[0;32m  OK  [0m] Started LSB: AppArmor initialization.
[   14.087971] cloud-init[471]: Cloud-init v. 21.1-19-gbad84ad4-0ubuntu1~16.04.2 running 'init-local' at Tue, 18 Oct 2022 15:14:36 +0000. Up 13.84 seconds.
         Starting Load AppArmor profiles managed internally by snapd...
[[0;32m  OK  [0m] Started Initial cloud-init job (pre-networking).
[[0;32m  OK  [0m] Started Load AppArmor profiles managed internally by snapd.
[[0;32m  OK  [0m] Reached target Network (Pre).
         Starting Raise network interfaces...
[[0;32m  OK  [0m] Started Set console font and keymap.
[[0;32m  OK  [0m] Created slice system-getty.slice.
[[0;32m  OK  [0m] Started Raise network interfaces.
[[0;32m  OK  [0m] Reached target Network.
         Starting Initial cloud-init job (metadata service crawler)...
[   15.543654] cloud-init[941]: Cloud-init v. 21.1-19-gbad84ad4-0ubuntu1~16.04.2 running 'init' at Tue, 18 Oct 2022 15:14:37 +0000. Up 15.08 seconds.
[   15.548366] cloud-init[941]: ci-info: ++++++++++++++++++++++++++++++++++++++Net device info+++++++++++++++++++++++++++++++++++++++
[   15.552942] cloud-init[941]: ci-info: +--------+-------+----------------------------+---------------+--------+-------------------+
[   15.557438] cloud-init[941]: ci-info: | Device |   Up  |          Address           |      Mask     | Scope  |     Hw-Address    |
[   15.562031] cloud-init[941]: ci-info: +--------+-------+----------------------------+---------------+--------+-------------------+
[   15.566354] cloud-init[941]: ci-info: | enp0s3 |  True |         10.0.2.15          | 255.255.255.0 | global | 02:be:82:6b:cc:1d |
[   15.570915] cloud-init[941]: ci-info: | enp0s3 |  True | fe80::be:82ff:fe6b:cc1d/64 |       .       |  link  | 02:be:82:6b:cc:1d |
[   15.575261] cloud-init[941]: ci-info: | enp0s8 | False |             .              |       .       |   .    | 08:00:27:9a:e5:8d |
[   15.579685] cloud-init[941]: ci-info: |   lo   |  True |         127.0.0.1          |   255.0.0.0   |  host  |         .         |
[   15.584112] cloud-init[941]: ci-info: |   lo   |  True |          ::1/128           |       .       |  host  |         .         |
[   15.588489] cloud-init[941]: ci-info: +--------+-------+----------------------------+---------------+--------+-------------------+
[   15.593226] cloud-init[941]: ci-info: +++++++++++++++++++++++++++Route IPv4 info++++++++++++++++++++++++++++
[   15.597785] cloud-init[941]: ci-info: +-------+-------------+----------+---------------+-----------+-------+
[   15.602116] cloud-init[941]: ci-info: | Route | Destination | Gateway  |    Genmask    | Interface | Flags |
[   15.606419] cloud-init[941]: ci-info: +-------+-------------+----------+---------------+-----------+-------+
[   15.624110] cloud-init[941]: ci-info: |   0   |   0.0.0.0   | 10.0.2.2 |    0.0.0.0    |   enp0s3  |   UG  |
[   15.636952] [[0;32m  OK  [0m] Started Initial cloud-init job (metadata service crawler).
[[0;32m  OK  [0m] Reached target Network is Online.
cloud-init[941]: ci-info: |   1   |   10.0.2.0  | 0.0.0.0  | 255.255.255.0 |   enp0s3  |   U   |
[   15.645062] cloud-init[941]: ci-info: +-------+-------------+----------+---------------+-----------+-------+
[   15.650610] cloud-init         Starting iSCSI initiator daemon (iscsid)...
[[0;32m  OK  [0m] Reached target System Initialization.
[[0;32m  OK  [0m] Started Daily Cleanup of Temporary Directories.
[[0;32m  OK  [0m] Listening on D-Bus System Message Bus Socket.
[[0;32m  OK  [0m] Started Ubuntu Advantage update messaging.
[[0;32m  OK  [0m] Started Daily apt download activities.
[[0;32m  OK  [0m] Started Message of the Day.
         Starting Socket activation for snappy daemon.
[[0;32m  OK  [0m] Listening on UUID daemon activation socket.
[[0;32m  OK  [0m] Started Daily apt upgrade and clean activities.
[[0;32m  OK  [0m] Reached target Timers.
         Starting LXD - unix socket.
[[0;32m  OK  [0m] Started ACPI Events Check.
[[0;32m  OK  [0m] Reached target Paths.
[[0;32m  OK  [0m] Listening on ACPID Listen Socket.
[[0;32m  OK  [0m] Reached target Cloud-config availability.
[[0;32m  OK  [0m] Listening on Socket activation for snappy daemon.
[[0;32m  OK  [0m] Listening on LXD - unix socket.
[[0;32m  OK  [0m] Reached target Sockets.
[[0;32m  OK  [0m] Reached target Basic System.
[[0;32m  OK  [0m] Started FUSE filesystem for LXC.
         Starting Accounts Service...
         Starting LXD - container startup/shutdown...
         Starting /etc/rc.local Compatibility...
         Starting System Logging Service...
[941]: [[0;32m  OK  [0m] Started Regular background program processing daemon.
         Starting Login Service...
ci-info: +++++++++++++++++++Route IPv6 info+++++++++++++++++++         Starting Pollinate to seed the pseudo random number generator...
[[0;32m  OK  [0m] Started D-Bus System Message Bus.

[   15.710250] cloud-init[941]: ci-info: +-------+-------------+---------+-----------+-------+
[   15.728320] cloud-init[941]: ci-info: | Route | Destination | Gateway | Interface | Flags |
[   15.739647] cloud-init[941]: ci-info: +-------+-------------+---------+-----------+-------+
[   15.748585] cloud-init[941]: ci-info: |   0   |  fe80::/64  |    ::   |   enp0s3  |   U   |
[   15.758028] cloud-init[941]: ci-info: |   3   |   ff00::/8  |    ::   |   enp0s3  |   U   |
[   15.767066] cloud-init[941]: ci-info: +-------+-------------+---------+-----------+-------+
[   15.778520] cloud-init[941]: Generating public/private rsa key pair.[[0;32m  OK  [0m] Started ACPI event daemon.
         Starting Virtualbox guest utils...
         Starting LSB: MD monitoring daemon...
[[0;32m  OK  [0m] Started Deferred execution scheduler.
         Starting LSB: Record successful boot for GRUB...
         Starting Snap Daemon...
[[0;32m  OK  [0m] Started System Logging Service.
[[0;32m  OK  [0m] Started /etc/rc.local Compatibility.

[[0;32m  OK  [0m] Started Login Service.
[   15.823330] [[0;32m  OK  [0m] Started iSCSI initiator daemon (iscsid).
cloud-init[941]: Your identification has been saved in /etc/ssh/ssh_host_rsa_key.
[   15.834313] cloud-init[941]: Your public key has been saved in /etc/ssh/ssh_host_rsa_key.pub.
[   15.848741] cloud-init         Starting Login to default iSCSI targets...
[[0;32m  OK  [0m] Started Unattended Upgrades Shutdown.
         Starting Authenticate and Authorize Users to Run Privileged Tasks...
[941]: [[0;32m  OK  [0m] Started LXD - container startup/shutdown.
The key fingerprint is:
[   15.895065] [[0;32m  OK  [0m] Started LSB: Record successful boot for GRUB.
[[0;32m  OK  [0m] Started LSB: MD monitoring daemon.
[[0;32m  OK  [0m] Started Login to default iSCSI targets.
[[0;32m  OK  [0m] Reached target Remote File Systems (Pre).
[[0;32m  OK  [0m] Reached target Remote File Systems.
         Starting Permit User Sessions...
         Starting LSB: Set the CPU Frequency Scaling governor to "ondemand"...
         Starting LSB: automatic crash report generation...
cloud-init[941]: SHA256:p/kHaHv7/qIWzJeHhHLyNHT6ZyEvLEz/DXTQmH99ev0 root@ubuntu-xenial         Starting LSB: daemon to balance interrupts for SMP systems...

[[0;32m  OK  [0m] Started Permit User Sessions.
         Starting Terminate Plymouth Boot Screen...
         Starting Hold until boot process finishes up...
[   15.976306] cloud-init[941]: The key's randomart image is:
[   15.976363] cloud-init[941]: +---[RSA 2048]----+
[   15.976386] cloud-init[941]: |               + |
[   15.976408] cloud-init[941]: |          . . + .|
[   15.976429] cloud-init[941]: |         . +   o.|
[   15.976454] cloud-init[941]: |        o B o o *|
[   15.976774] cloud-init[941]: |        S%.* * ++|
[   15.977117] cloud-init[941]: |        o+O O B o|
[   15.977400] cloud-init[941]: |       .o. = * +.|
[   15.977424] cloud-init[941]: |        ..o o . E|
[   15.977445] cloud-init[941]: |         o+*oo.  |
[   15.977466] cloud-init[941]: +----[SHA256]-----+
[   15.977581] cloud-init[941]: Generating public/private dsa key pair.
[   15.977609] cloud-init[941]: Your identification has been saved in /etc/ssh/ssh_host_dsa_key.
[   15.977630] cloud-init[941]: Your public key has been saved in /etc/ssh/ssh_host_dsa_key.pub.
[   15.977651] cloud-init[941]: The key fingerprint is:
[   15.977979] cloud-init[941]: SHA256:Ymxq7SSF+XpZBlHJipqxoRM/6TsjmNelt5HoJv+Dgqk root@ubuntu-xenial
[   15.978279] cloud-init[941]: The key's randomart image is:
[   15.978567] cloud-init[941]: +---[DSA 1024]----+
[   15.978850] cloud-init[941]: |       o..       |
[   15.979139] cloud-init[941]: |      . o        |
[   15.979426] cloud-init[941]: |     . o         |
[   15.979708] cloud-init[941]: |. o .+o          |
[[0;32m  OK  [0m] Started Hold until boot process finishes up.
[[0;32m  OK  [0m] Started LSB: daemon to balance interrupts for SMP systems.
[[0;32m  OK  [0m] Started Terminate Plymouth Boot Screen.
[   15.979996] cloud-init[941]: | + Bo *.S        |
[   16.014182] cloud-init[941]: |o B  O.oo        |
         Starting Set console scheme...
[[0;32m  OK  [0m] Started Getty on tty1.
[[0;32m  OK  [0m] Started Serial Getty on ttyS0.
[[0;32m  OK  [0m] Reached target Login Prompts.
[[0;32m  OK  [0m] Started Authenticate and Authorize Users to Run Privileged Tasks.
[[0;32m  OK  [0m] Started Accounts Service.
[   16.019273] [[0;32m  OK  [0m] Started Set console scheme.
cloud-init[[0;32m  OK  [0m] Started LSB: Set the CPU Frequency Scaling governor to "ondemand".
[941]: |.* o=+*+         |
[[0;32m  OK  [0m] Started LSB: automatic crash report generation.
[   16.043872] cloud-init[941]: |* Bo===.         |
[   16.060814] cloud-init[941]: |Eo.O+++o         |
[   16.065354] cloud-init[941]: +----[SHA256]-----+
[   16.069412] cloud-init[941]: Generating public/private ecdsa key pair.
[   16.073628] cloud-init[941]: Your identification has been saved in /etc/ssh/ssh_host_ecdsa_key.
[   16.077825] cloud-init[941]: Your public key has been saved in /etc/ssh/ssh_host_ecdsa_key.pub.
[   16.084470] cloud-init[941]: The key fingerprint is:
[   16.087513] cloud-init[941]: SHA256:3vrc3ssstEBvzg+bbPYcPZE0HgDbuxdQahb49lq5U9c root@ubuntu-xenial
[   16.091177] cloud-init[941]: The key's randomart image is:
[   16.107861] cloud-init[941]: +---[ECDSA 256]---+
[   16.115610] cloud-init[941]: |           .oo . |
[   16.122858] cloud-init[941]: |           .o =  |
[   16.127996] cloud-init[941]: |           ..* + |
[   16.137901] [[0;32m  OK  [0m] Started Virtualbox guest utils.
cloud-init[941]: |          . oo= +|
[   16.148342] cloud-init[941]: |        S. ....=o|
[   16.155221] cloud-init[941]: |       . .. + .=E|
[   16.161277] cloud-init[941]: |        . .*.o+o=|
[   16.167269] cloud-init[941]: |         o oBX.+.|
[   16.172345] cloud-init[941]: |        ..o+*+O..|
[   16.178887] cloud-init[941]: +----[SHA256]-----+
[   16.186946] cloud-init[941]: Generating public/private ed25519 key pair.
[   16.195744] cloud-init[941]: Your identification has been saved in /etc/ssh/ssh_host_ed25519_key.
[   16.206453] cloud-init[941]: Your public key has been saved in /etc/ssh/ssh_host_ed25519_key.pub.
[   16.213095] cloud-init[941]: The key fingerprint is:
[   16.218719] cloud-init[941]: SHA256:2kk2Qt4HfrOKJF4SNMVPUB8wQGe1eBb6CEc5Yg/MDfI root@ubuntu-xenial
[   16.227315] cloud-init[941]: The key's randomart image is:
[   16.234589] cloud-init[941]: +--[ED25519 256]--+
[   16.241284] cloud-init[941]: |    .=**B++      |
[   16.247217] cloud-init[941]: |     +B+== +     |
[   16.253674] cloud-init[941]: |    o.E*=.=      |
[   16.259471] cloud-init[941]: |   . + =o*       |
[   16.270939] cloud-init[941]: |    . o S =      |
[   16.277081] cloud-init[941]: |     . * = o     |
[   16.284678] cloud-init[941]: |    o + o .      |
[   16.291433] cloud-init[941]: |   . = . .       |
[   16.296731] cloud-init[941]: |    . . .        |
[   16.302611] cloud-init[941]: +----[SHA256]-----+
[[0;32m  OK  [0m] Started Snap Daemon.
         Starting Wait until snapd is fully seeded...
[[0;32m  OK  [0m] Started Pollinate to seed the pseudo random number generator.
         Starting OpenBSD Secure Shell server...
[[0;32m  OK  [0m] Started OpenBSD Secure Shell server.
[[0;32m  OK  [0m] Started Wait until snapd is fully seeded.
         Starting Apply the settings specified in cloud-config...
[[0;32m  OK  [0m] Reached target Multi-User System.
[[0;32m  OK  [0m] Reached target Graphical Interface.
         Starting Update UTMP about System Runlevel Changes...
[[0;32m  OK  [0m] Started Update UTMP about System Runlevel Changes.
[[0;32m  OK  [0m] Created slice User Slice of vagrant.
         Starting User Manager for UID 1000...
[[0;32m  OK  [0m] Started Session 1 of user vagrant.
[[0;32m  OK  [0m] Started User Manager for UID 1000.
[   17.994701] cloud-init[1296]: Generating locales (this might take a while)...
[   18.875395] cloud-init[1296]:   en_US.UTF-8... done
[   18.878545] cloud-init[1296]: Generation complete.
[   19.162722] cloud-init[1296]: Cloud-init v. 21.1-19-gbad84ad4-0ubuntu1~16.04.2 running 'modules:config' at Tue, 18 Oct 2022 15:14:40 +0000. Up 17.89 seconds.
[[0;32m  OK  [0m] Started Apply the settings specified in cloud-config.
         Starting Execute cloud user/final scripts...
ci-info: no authorized SSH keys fingerprints found for user ubuntu.
<14>Oct 18 15:14:42 ec2: 
<14>Oct 18 15:14:42 ec2: #############################################################
<14>Oct 18 15:14:42 ec2: -----BEGIN SSH HOST KEY FINGERPRINTS-----
<14>Oct 18 15:14:42 ec2: 1024 SHA256:Ymxq7SSF+XpZBlHJipqxoRM/6TsjmNelt5HoJv+Dgqk root@ubuntu-xenial (DSA)
<14>Oct 18 15:14:42 ec2: 256 SHA256:3vrc3ssstEBvzg+bbPYcPZE0HgDbuxdQahb49lq5U9c root@ubuntu-xenial (ECDSA)
<14>Oct 18 15:14:42 ec2: 256 SHA256:2kk2Qt4HfrOKJF4SNMVPUB8wQGe1eBb6CEc5Yg/MDfI root@ubuntu-xenial (ED25519)
<14>Oct 18 15:14:42 ec2: 2048 SHA256:p/kHaHv7/qIWzJeHhHLyNHT6ZyEvLEz/DXTQmH99ev0 root@ubuntu-xenial (RSA)
<14>Oct 18 15:14:42 ec2: -----END SSH HOST KEY FINGERPRINTS-----
<14>Oct 18 15:14:42 ec2: #############################################################
-----BEGIN SSH HOST KEY KEYS-----
ecdsa-sha2-nistp256 AAAAE2VjZHNhLXNoYTItbmlzdHAyNTYAAAAIbmlzdHAyNTYAAABBBDvJ6r3rvfWNpv8M/dTjO7TIwuWzvaqjWOmJBCmtpyHa/yIlG8/FavKgmG7V7z8EQ2n5fOF1LClAFl6dIJ8V6LY= root@ubuntu-xenial
ssh-ed25519 AAAAC3NzaC1lZDI1NTE5AAAAIBvBowjxOhH/5oJktwIKMgZFJB2LnGmrN4QWNdZJToGK root@ubuntu-xenial
ssh-rsa AAAAB3NzaC1yc2EAAAADAQABAAABAQC6AVWtrCp20c9e2/cUG4vtfq0Ov704g9EMC+cqrUsx2M45AcRf+bNPPvLSJYtUEW6uuqfbT1D7mAsx7i0FcRcjHTS/8895ptmTP6YVURDYIzdJH1jkqbNgP+b6G3HGGGxhu1+5SmEw4G6eqLMZThRhOFRbGoXXE5b9qeZsttEX5K1x/fM0FdCE113xcO5cFPcrBmv3dTai3SxELSjYSCzStYWN2h5LsbcAtcrUAWfead1xWOzz2VPXXXUywVl+l7wz4gRft6oBtOGw8EQZASNnytOAgCBjoCn7oU17Qi7rnhCkF2cnZ2KCzvhc3r+V227BHzzkWmIU43KQFTOv9gy9 root@ubuntu-xenial
-----END SSH HOST KEY KEYS-----
[   19.545032] cloud-init[1466]: Cloud-init v. 21.1-19-gbad84ad4-0ubuntu1~16.04.2 running 'modules:final' at Tue, 18 Oct 2022 15:14:42 +0000. Up 19.39 seconds.
[   19.561134] cloud-init[1466]: ci-info: no authorized SSH keys fingerprints found for user ubuntu.
[   19.565246] cloud-init[1466]: Cloud-init v. 21.1-19-gbad84ad4-0ubuntu1~16.04.2 finished at Tue, 18 Oct 2022 15:14:42 +0000. Datasource DataSourceNoCloud [seed=/dev/sdb][dsmode=net].  Up 19.54 seconds
[[0;32m  OK  [0m] Started Execute cloud user/final scripts.
[[0;32m  OK  [0m] Reached target Cloud-init target.

Ubuntu 16.04.7 LTS ubuntu-xenial ttyS0

ubuntu-xenial login: 