[    0.000000] Linux version 4.15.0-194-generic (buildd@lcy02-amd64-052) (gcc version 7.5.0 (Ubuntu 7.5.0-3ubuntu1~18.04)) #205-Ubuntu SMP Fri Sep 16 19:49:27 UTC 2022 (Ubuntu 4.15.0-194.205-generic 4.15.18)
[    0.000000] Command line: BOOT_IMAGE=/boot/vmlinuz-4.15.0-194-generic root=LABEL=cloudimg-rootfs ro console=tty1 console=ttyS0
[    0.000000] KERNEL supported cpus:
[    0.000000]   Intel GenuineIntel
[    0.000000]   AMD AuthenticAMD
[    0.000000]   Centaur CentaurHauls
[    0.000000] x86/fpu: x87 FPU will use FXSAVE
[    0.000000] e820: BIOS-provided physical RAM map:
[    0.000000] BIOS-e820: [mem 0x0000000000000000-0x000000000009fbff] usable
[    0.000000] BIOS-e820: [mem 0x000000000009fc00-0x000000000009ffff] reserved
[    0.000000] BIOS-e820: [mem 0x00000000000f0000-0x00000000000fffff] reserved
[    0.000000] BIOS-e820: [mem 0x0000000000100000-0x000000003ffeffff] usable
[    0.000000] BIOS-e820: [mem 0x000000003fff0000-0x000000003fffffff] ACPI data
[    0.000000] BIOS-e820: [mem 0x00000000fec00000-0x00000000fec00fff] reserved
[    0.000000] BIOS-e820: [mem 0x00000000fee00000-0x00000000fee00fff] reserved
[    0.000000] BIOS-e820: [mem 0x00000000fffc0000-0x00000000ffffffff] reserved
[    0.000000] NX (Execute Disable) protection: active
[    0.000000] SMBIOS 2.5 present.
[    0.000000] DMI: innotek GmbH VirtualBox/VirtualBox, BIOS VirtualBox 12/01/2006
[    0.000000] Hypervisor detected: KVM
[    0.000000] e820: last_pfn = 0x3fff0 max_arch_pfn = 0x400000000
[    0.000000] MTRR: Disabled
[    0.000000] x86/PAT: MTRRs disabled, skipping PAT initialization too.
[    0.000000] CPU MTRRs all blank - virtualized system.
[    0.000000] x86/PAT: Configuration [0-7]: WB  WT  UC- UC  WB  WT  UC- UC  
[    0.000000] found SMP MP-table at [mem 0x0009fff0-0x0009ffff]
[    0.000000] Scanning 1 areas for low memory corruption
[    0.000000] RAMDISK: [mem 0x359cb000-0x36cdcfff]
[    0.000000] ACPI: Early table checksum verification disabled
[    0.000000] ACPI: RSDP 0x00000000000E0000 000024 (v02 VBOX  )
[    0.000000] ACPI: XSDT 0x000000003FFF0030 00003C (v01 VBOX   VBOXXSDT 00000001 ASL  00000061)
[    0.000000] ACPI: FACP 0x000000003FFF00F0 0000F4 (v04 VBOX   VBOXFACP 00000001 ASL  00000061)
[    0.000000] ACPI: DSDT 0x000000003FFF0470 002325 (v02 VBOX   VBOXBIOS 00000002 INTL 20100528)
[    0.000000] ACPI: FACS 0x000000003FFF0200 000040
[    0.000000] ACPI: FACS 0x000000003FFF0200 000040
[    0.000000] ACPI: APIC 0x000000003FFF0240 00005C (v02 VBOX   VBOXAPIC 00000001 ASL  00000061)
[    0.000000] ACPI: SSDT 0x000000003FFF02A0 0001CC (v01 VBOX   VBOXCPUT 00000002 INTL 20100528)
[    0.000000] ACPI: Reserving FACP table memory at [mem 0x3fff00f0-0x3fff01e3]
[    0.000000] ACPI: Reserving DSDT table memory at [mem 0x3fff0470-0x3fff2794]
[    0.000000] ACPI: Reserving FACS table memory at [mem 0x3fff0200-0x3fff023f]
[    0.000000] ACPI: Reserving FACS table memory at [mem 0x3fff0200-0x3fff023f]
[    0.000000] ACPI: Reserving APIC table memory at [mem 0x3fff0240-0x3fff029b]
[    0.000000] ACPI: Reserving SSDT table memory at [mem 0x3fff02a0-0x3fff046b]
[    0.000000] No NUMA configuration found
[    0.000000] Faking a node at [mem 0x0000000000000000-0x000000003ffeffff]
[    0.000000] NODE_DATA(0) allocated [mem 0x3ffc5000-0x3ffeffff]
[    0.000000] kvm-clock: cpu 0, msr 0:3ff44001, primary cpu clock
[    0.000000] kvm-clock: Using msrs 4b564d01 and 4b564d00
[    0.000000] kvm-clock: using sched offset of 3798670470 cycles
[    0.000000] clocksource: kvm-clock: mask: 0xffffffffffffffff max_cycles: 0x1cd42e4dffb, max_idle_ns: 881590591483 ns
[    0.000000] Zone ranges:
[    0.000000]   DMA      [mem 0x0000000000001000-0x0000000000ffffff]
[    0.000000]   DMA32    [mem 0x0000000001000000-0x000000003ffeffff]
[    0.000000]   Normal   empty
[    0.000000]   Device   empty
[    0.000000] Movable zone start for each node
[    0.000000] Early memory node ranges
[    0.000000]   node   0: [mem 0x0000000000001000-0x000000000009efff]
[    0.000000]   node   0: [mem 0x0000000000100000-0x000000003ffeffff]
[    0.000000] Reserved but unavailable: 104 pages
[    0.000000] Initmem setup node 0 [mem 0x0000000000001000-0x000000003ffeffff]
[    0.000000] ACPI: PM-Timer IO Port: 0x4008
[    0.000000] IOAPIC[0]: apic_id 2, version 32, address 0xfec00000, GSI 0-23
[    0.000000] ACPI: INT_SRC_OVR (bus 0 bus_irq 0 global_irq 2 dfl dfl)
[    0.000000] ACPI: INT_SRC_OVR (bus 0 bus_irq 9 global_irq 9 low level)
[    0.000000] Using ACPI (MADT) for SMP configuration information
[    0.000000] smpboot: Allowing 2 CPUs, 0 hotplug CPUs
[    0.000000] PM: Registered nosave memory: [mem 0x00000000-0x00000fff]
[    0.000000] PM: Registered nosave memory: [mem 0x0009f000-0x0009ffff]
[    0.000000] PM: Registered nosave memory: [mem 0x000a0000-0x000effff]
[    0.000000] PM: Registered nosave memory: [mem 0x000f0000-0x000fffff]
[    0.000000] e820: [mem 0x40000000-0xfebfffff] available for PCI devices
[    0.000000] Booting paravirtualized kernel on KVM
[    0.000000] clocksource: refined-jiffies: mask: 0xffffffff max_cycles: 0xffffffff, max_idle_ns: 7645519600211568 ns
[    0.000000] setup_percpu: NR_CPUS:8192 nr_cpumask_bits:2 nr_cpu_ids:2 nr_node_ids:1
[    0.000000] percpu: Embedded 50 pages/cpu s167936 r8192 d28672 u1048576
[    0.000000] PV qspinlock hash table entries: 256 (order: 0, 4096 bytes)
[    0.000000] Built 1 zonelists, mobility grouping on.  Total pages: 257913
[    0.000000] Policy zone: DMA32
[    0.000000] Kernel command line: BOOT_IMAGE=/boot/vmlinuz-4.15.0-194-generic root=LABEL=cloudimg-rootfs ro console=tty1 console=ttyS0
[    0.000000] Memory: 982652K/1048120K available (12300K kernel code, 2477K rwdata, 4320K rodata, 2472K init, 2720K bss, 65468K reserved, 0K cma-reserved)
[    0.000000] SLUB: HWalign=64, Order=0-3, MinObjects=0, CPUs=2, Nodes=1
[    0.000000] ftrace: allocating 39477 entries in 155 pages
[    0.004000] Hierarchical RCU implementation.
[    0.004000] 	RCU restricting CPUs from NR_CPUS=8192 to nr_cpu_ids=2.
[    0.004000] 	Tasks RCU enabled.
[    0.004000] RCU: Adjusting geometry for rcu_fanout_leaf=16, nr_cpu_ids=2
[    0.004000] NR_IRQS: 524544, nr_irqs: 440, preallocated irqs: 16
[    0.004000] Console: colour VGA+ 80x25
[    0.004000] console [tty1] enabled
[    0.004000] console [ttyS0] enabled
[    0.004000] ACPI: Core revision 20170831
[    0.004000] ACPI: 2 ACPI AML tables successfully acquired and loaded
[    0.004000] APIC: Switch to symmetric I/O mode setup
[    0.004000] ..TIMER: vector=0x30 apic1=0 pin1=2 apic2=-1 pin2=-1
[    0.004000] tsc: Detected 3600.010 MHz processor
[    0.004000] Calibrating delay loop (skipped) preset value.. 7200.02 BogoMIPS (lpj=14400040)
[    0.004000] pid_max: default: 32768 minimum: 301
[    0.004000] Security Framework initialized
[    0.004006] Yama: becoming mindful.
[    0.008102] AppArmor: AppArmor initialized
[    0.020020] Dentry cache hash table entries: 131072 (order: 8, 1048576 bytes)
[    0.028997] Inode-cache hash table entries: 65536 (order: 7, 524288 bytes)
[    0.032069] Mount-cache hash table entries: 2048 (order: 2, 16384 bytes)
[    0.036055] Mountpoint-cache hash table entries: 2048 (order: 2, 16384 bytes)
[    0.044215] Last level iTLB entries: 4KB 128, 2MB 8, 4MB 8
[    0.048005] Last level dTLB entries: 4KB 64, 2MB 0, 4MB 0, 1GB 4
[    0.052004] Spectre V1 : Mitigation: usercopy/swapgs barriers and __user pointer sanitization
[    0.056004] Spectre V2 : Mitigation: Retpolines
[    0.060002] Spectre V2 : Spectre v2 / SpectreRSB mitigation: Filling RSB on context switch
[    0.064004] Speculative Store Bypass: Vulnerable
[    0.068064] MDS: Mitigation: Clear CPU buffers
[    0.072004] MMIO Stale Data: Mitigation: Clear CPU buffers
[    0.076124] Freeing SMP alternatives memory: 36K
[    0.193880] smpboot: CPU0: Intel(R) Core(TM) i7-9700K CPU @ 3.60GHz (family: 0x6, model: 0x9e, stepping: 0xc)
[    0.196407] Performance Events: unsupported p6 CPU model 158 no PMU driver, software events only.
[    0.200112] Hierarchical SRCU implementation.
[    0.204687] NMI watchdog: Perf event create on CPU 0 failed with -2
[    0.208005] NMI watchdog: Perf NMI watchdog permanently disabled
[    0.216114] smp: Bringing up secondary CPUs ...
[    0.220707] x86: Booting SMP configuration:
[    0.224004] .... node  #0, CPUs:      #1
[    0.004000] kvm-clock: cpu 1, msr 0:3ff44041, secondary cpu clock
[    0.232000] TSC synchronization [CPU#0 -> CPU#1]:
[    0.232000] Measured 59803 cycles TSC warp between CPUs, turning off TSC clock.
[    0.232000] tsc: Marking TSC unstable due to check_tsc_sync_source failed
[    0.236152] smp: Brought up 1 node, 2 CPUs
[    0.240073] smpboot: Max logical packages: 1
[    0.243678] smpboot: Total of 2 processors activated (14400.04 BogoMIPS)
[    0.244433] devtmpfs: initialized
[    0.248085] x86/mm: Memory block size: 128MB
[    0.252366] evm: security.selinux
[    0.256004] evm: security.SMACK64
[    0.258416] evm: security.SMACK64EXEC
[    0.260002] evm: security.SMACK64TRANSMUTE
[    0.264002] evm: security.SMACK64MMAP
[    0.266780] evm: security.apparmor
[    0.268002] evm: security.ima
[    0.272002] evm: security.capability
[    0.276331] clocksource: jiffies: mask: 0xffffffff max_cycles: 0xffffffff, max_idle_ns: 7645041785100000 ns
[    0.280013] futex hash table entries: 512 (order: 3, 32768 bytes)
[    0.284169] pinctrl core: initialized pinctrl subsystem
[    0.288443] RTC time: 16:54:10, date: 10/20/22
[    0.296624] NET: Registered protocol family 16
[    0.300000] audit: initializing netlink subsys (disabled)
[    0.304172] audit: type=2000 audit(1666284855.504:1): state=initialized audit_enabled=0 res=1
[    0.312008] cpuidle: using governor ladder
[    0.316099] cpuidle: using governor menu
[    0.320038] ACPI: bus type PCI registered
[    0.322908] acpiphp: ACPI Hot Plug PCI Controller Driver version: 0.5
[    0.324474] PCI: Using configuration type 1 for base access
[    0.332268] HugeTLB registered 2.00 MiB page size, pre-allocated 0 pages
[    0.340574] ACPI: Added _OSI(Module Device)
[    0.344003] ACPI: Added _OSI(Processor Device)
[    0.348004] ACPI: Added _OSI(3.0 _SCP Extensions)
[    0.352002] ACPI: Added _OSI(Processor Aggregator Device)
[    0.356004] ACPI: Added _OSI(Linux-Dell-Video)
[    0.360003] ACPI: Added _OSI(Linux-Lenovo-NV-HDMI-Audio)
[    0.364003] ACPI: Added _OSI(Linux-HPI-Hybrid-Graphics)
[    0.368724] ACPI: Executed 1 blocks of module-level executable AML code
[    0.375566] ACPI: Interpreter enabled
[    0.376012] ACPI: (supports S0 S5)
[    0.380003] ACPI: Using IOAPIC for interrupt routing
[    0.384358] PCI: Using host bridge windows from ACPI; if necessary, use "pci=nocrs" and report a bug
[    0.388240] ACPI: Enabled 2 GPEs in block 00 to 07
[    0.401021] ACPI: PCI Root Bridge [PCI0] (domain 0000 [bus 00-ff])
[    0.404012] acpi PNP0A03:00: _OSC: OS supports [ASPM ClockPM Segments MSI]
[    0.408659] acpi PNP0A03:00: _OSC: not requesting OS control; OS requires [ExtendedConfig ASPM ClockPM MSI]
[    0.412012] acpi PNP0A03:00: fail to add MMCONFIG information, can't access extended PCI configuration space under this bridge.
[    0.416659] PCI host bridge to bus 0000:00
[    0.420005] pci_bus 0000:00: root bus resource [io  0x0000-0x0cf7 window]
[    0.424005] pci_bus 0000:00: root bus resource [io  0x0d00-0xffff window]
[    0.428007] pci_bus 0000:00: root bus resource [mem 0x000a0000-0x000bffff window]
[    0.432007] pci_bus 0000:00: root bus resource [mem 0x40000000-0xfdffffff window]
[    0.436006] pci_bus 0000:00: root bus resource [bus 00-ff]
[    0.448032] pci 0000:00:01.1: legacy IDE quirk: reg 0x10: [io  0x01f0-0x01f7]
[    0.452004] pci 0000:00:01.1: legacy IDE quirk: reg 0x14: [io  0x03f6]
[    0.456005] pci 0000:00:01.1: legacy IDE quirk: reg 0x18: [io  0x0170-0x0177]
[    0.460004] pci 0000:00:01.1: legacy IDE quirk: reg 0x1c: [io  0x0376]
[    0.484809] pci 0000:00:07.0: quirk: [io  0x4000-0x403f] claimed by PIIX4 ACPI
[    0.488038] pci 0000:00:07.0: quirk: [io  0x4100-0x410f] claimed by PIIX4 SMB
[    0.502143] ACPI: PCI Interrupt Link [LNKA] (IRQs 5 9 10 *11)
[    0.504483] ACPI: PCI Interrupt Link [LNKB] (IRQs 5 9 *10 11)
[    0.508176] ACPI: PCI Interrupt Link [LNKC] (IRQs 5 *9 10 11)
[    0.512182] ACPI: PCI Interrupt Link [LNKD] (IRQs 5 9 10 *11)
[    0.516706] SCSI subsystem initialized
[    0.520159] pci 0000:00:02.0: vgaarb: setting as boot VGA device
[    0.524000] pci 0000:00:02.0: vgaarb: VGA device added: decodes=io+mem,owns=io+mem,locks=none
[    0.524006] pci 0000:00:02.0: vgaarb: bridge control possible
[    0.528002] vgaarb: loaded
[    0.530402] ACPI: bus type USB registered
[    0.532021] usbcore: registered new interface driver usbfs
[    0.536021] usbcore: registered new interface driver hub
[    0.540039] usbcore: registered new device driver usb
[    0.544128] EDAC MC: Ver: 3.0.0
[    0.548310] PCI: Using ACPI for IRQ routing
[    0.552691] NetLabel: Initializing
[    0.556002] NetLabel:  domain hash size = 128
[    0.559513] NetLabel:  protocols = UNLABELED CIPSOv4 CALIPSO
[    0.560016] NetLabel:  unlabeled traffic allowed by default
[    0.564185] clocksource: Switched to clocksource kvm-clock
[    0.591079] VFS: Disk quotas dquot_6.6.0
[    0.591079] VFS: Dquot-cache hash table entries: 512 (order 0, 4096 bytes)
[    0.591079] AppArmor: AppArmor Filesystem Enabled
[    0.612820] pnp: PnP ACPI init
[    0.616402] pnp: PnP ACPI: found 3 devices
[    0.657248] clocksource: acpi_pm: mask: 0xffffff max_cycles: 0xffffff, max_idle_ns: 2085701024 ns
[    0.660263] NET: Registered protocol family 2
[    0.660263] IP idents hash table entries: 16384 (order: 5, 131072 bytes)
[    0.673723] TCP established hash table entries: 8192 (order: 4, 65536 bytes)
[    0.679142] TCP bind hash table entries: 8192 (order: 5, 131072 bytes)
[    0.684351] TCP: Hash tables configured (established 8192 bind 8192)
[    0.687985] UDP hash table entries: 512 (order: 2, 16384 bytes)
[    0.687985] UDP-Lite hash table entries: 512 (order: 2, 16384 bytes)
[    0.687985] NET: Registered protocol family 1
[    0.687985] pci 0000:00:00.0: Limiting direct PCI/PCI transfers
[    0.687985] pci 0000:00:01.0: Activating ISA DMA hang workarounds
[    0.687985] pci 0000:00:02.0: Video device with shadowed ROM at [mem 0x000c0000-0x000dffff]
[    0.687985] Unpacking initramfs...
[    0.687985] Freeing initrd memory: 19528K
[    0.687985] clocksource: tsc: mask: 0xffffffffffffffff max_cycles: 0x33e45cd82d3, max_idle_ns: 440795345741 ns
[    0.687985] platform rtc_cmos: registered platform RTC device (no PNP device found)
[    0.687985] Scanning for low memory corruption every 60 seconds
[    1.082350] Initialise system trusted keyrings
[    1.086026] Key type blacklist registered
[    1.089924] workingset: timestamp_bits=36 max_order=18 bucket_order=0
[    1.096534] zbud: loaded
[    1.099991] squashfs: version 4.0 (2009/01/31) Phillip Lougher
[    1.105314] fuse init (API version 7.26)
[    1.126404] Key type asymmetric registered
[    1.129869] Asymmetric key parser 'x509' registered
[    1.133473] Block layer SCSI generic (bsg) driver version 0.4 loaded (major 246)
[    1.139244] io scheduler noop registered
[    1.142464] io scheduler deadline registered
[    1.145723] io scheduler cfq registered (default)
[    1.149795] ACPI: AC Adapter [AC] (on-line)
[    1.153670] input: Power Button as /devices/LNXSYSTM:00/LNXPWRBN:00/input/input0
[    1.160191] ACPI: Power Button [PWRF]
[    1.163044] input: Sleep Button as /devices/LNXSYSTM:00/LNXSLPBN:00/input/input1
[    1.168616] ACPI: Sleep Button [SLPF]
[    1.172528] Serial: 8250/16550 driver, 32 ports, IRQ sharing enabled
[    1.202995] 00:02: ttyS0 at I/O 0x3f8 (irq = 4, base_baud = 115200) is a 16550A
[    1.222978] Linux agpgart interface v0.103
[    1.234833] loop: module loaded
[    1.240403] scsi host0: ata_piix
[    1.244174] scsi host1: ata_piix
[    1.246831] ata1: PATA max UDMA/33 cmd 0x1f0 ctl 0x3f6 bmdma 0xd000 irq 14
[    1.252327] ata2: PATA max UDMA/33 cmd 0x170 ctl 0x376 bmdma 0xd008 irq 15
[    1.257757] tun: Universal TUN/TAP device driver, 1.6
[    1.263288] PPP generic driver version 2.4.2
[    1.266894] ehci_hcd: USB 2.0 'Enhanced' Host Controller (EHCI) Driver
[    1.271779] ehci-pci: EHCI PCI platform driver
[    1.275081] ehci-platform: EHCI generic platform driver
[    1.278861] ohci_hcd: USB 1.1 'Open' Host Controller (OHCI) Driver
[    1.283414] ohci-pci: OHCI PCI platform driver
[    1.286637] ohci-platform: OHCI generic platform driver
[    1.290614] uhci_hcd: USB Universal Host Controller Interface driver
[    1.295380] i8042: PNP: PS/2 Controller [PNP0303:PS2K,PNP0f03:PS2M] at 0x60,0x64 irq 1,12
[    1.304101] serio: i8042 KBD port at 0x60,0x64 irq 1
[    1.308235] serio: i8042 AUX port at 0x60,0x64 irq 12
[    1.312890] mousedev: PS/2 mouse device common for all mice
[    1.320653] rtc_cmos rtc_cmos: rtc core: registered rtc_cmos as rtc0
[    1.320754] input: AT Translated Set 2 keyboard as /devices/platform/i8042/serio0/input/input2
[    1.326504] rtc_cmos rtc_cmos: alarms up to one day, 114 bytes nvram
[    1.337649] i2c /dev entries driver
[    1.340795] device-mapper: uevent: version 1.0.3
[    1.344656] device-mapper: ioctl: 4.37.0-ioctl (2017-09-20) initialised: dm-devel@redhat.com
[    1.351425] ledtrig-cpu: registered to indicate activity on CPUs
[    1.358859] NET: Registered protocol family 10
[    1.370944] Segment Routing with IPv6
[    1.374493] NET: Registered protocol family 17
[    1.378590] Key type dns_resolver registered
[    1.382438] mce: Using 0 MCE banks
[    1.385358] RAS: Correctable Errors collector initialized.
[    1.389847] sched_clock: Marking stable (1389794808, 0)->(1978971340, -589176532)
[    1.398994] registered taskstats version 1
[    1.402596] Loading compiled-in X.509 certificates
[    1.409805] Loaded X.509 cert 'Build time autogenerated kernel key: 6303a3b02fa1c7713b8a75ba7ba622fabd5dd271'
[    1.446635] Loaded X.509 cert 'Canonical Ltd. Live Patch Signing: 14df34d1a87cf37625abec039ef2bf521249b969'
[    1.454527] Loaded X.509 cert 'Canonical Ltd. Kernel Module Signing: 88f752e560a1e0737e31163a466ad7b70a850c19'
[    1.461883] blacklist: Loading compiled-in revocation X.509 certificates
[    1.467546] Loaded X.509 cert 'Canonical Ltd. Secure Boot Signing: 61482aa2830d0ab2ad5af10b7250da9033ddcef0'
[    1.474944] zswap: loaded using pool lzo/zbud
[    1.484205] Key type big_key registered
[    1.487303] Key type trusted registered
[    1.493192] Key type encrypted registered
[    1.496277] AppArmor: AppArmor sha1 policy hashing enabled
[    1.500347] ima: No TPM chip found, activating TPM-bypass! (rc=-19)
[    1.504843] ima: Allocated hash algorithm: sha1
[    1.508111] evm: HMAC attrs: 0x1
[    1.511374]   Magic number: 10:117:945
[    1.514406] tty tty2: hash matches
[    1.518147] processor cpu0: hash matches
[    1.521522] rtc_cmos rtc_cmos: setting system clock to 2022-10-20 16:54:11 UTC (1666284851)
[    1.528327] BIOS EDD facility v0.16 2004-Jun-25, 0 devices found
[    1.533028] EDD information not available.
[    1.538671] Freeing unused kernel image memory: 2472K
[    1.563386] Write protecting the kernel read-only data: 20480k
[    1.568959] Freeing unused kernel image memory: 2008K
[    1.573048] Freeing unused kernel image memory: 1824K
[    1.580780] x86/mm: Checked W+X mappings: passed, no W+X pages found.
Loading, please wait...
starting version 237
[    1.658969] Fusion MPT base driver 3.04.20
[    1.663034] Copyright (c) 1999-2008 LSI Corporation
[    1.668604] e1000: Intel(R) PRO/1000 Network Driver - version 7.3.21-k8-NAPI
[    1.674368] e1000: Copyright (c) 1999-2006 Intel Corporation.
[    1.701075] Fusion MPT SPI Host driver 3.04.20
[    1.943301] input: ImExPS/2 Generic Explorer Mouse as /devices/platform/i8042/serio1/input/input4
[    2.338836] e1000 0000:00:03.0 eth0: (PCI:33MHz:32-bit) 02:ef:f7:70:2e:71
[    2.343946] e1000 0000:00:03.0 eth0: Intel(R) PRO/1000 Network Connection
[    2.350409] mptbase: ioc0: Initiating bringup
[    2.594475] ioc0: LSI53C1030 A0: Capabilities={Initiator}
[    4.117658] scsi host2: ioc0: LSI53C1030 A0, FwRev=00000000h, Ports=1, MaxQ=256, IRQ=20
[    4.333587] scsi 2:0:0:0: Direct-Access     VBOX     HARDDISK         1.0  PQ: 0 ANSI: 5
[    4.376822] scsi target2:0:0: Beginning Domain Validation
[    4.388178] scsi target2:0:0: Domain Validation skipping write tests
[    4.393448] scsi target2:0:0: Ending Domain Validation
[    4.398458] scsi target2:0:0: asynchronous
[    4.403798] scsi 2:0:1:0: Direct-Access     VBOX     HARDDISK         1.0  PQ: 0 ANSI: 5
[    4.836089] scsi target2:0:1: Beginning Domain Validation
[    4.847168] scsi target2:0:1: Domain Validation skipping write tests
[    4.852503] scsi target2:0:1: Ending Domain Validation
[    4.857241] scsi target2:0:1: asynchronous
[    4.884471] sd 2:0:0:0: Attached scsi generic sg0 type 0
[    4.885719] sd 2:0:0:0: [sda] 83886080 512-byte logical blocks: (42.9 GB/40.0 GiB)
[    4.889666] sd 2:0:1:0: Attached scsi generic sg1 type 0
[    4.895037] sd 2:0:0:0: [sda] Write Protect is off
[    4.903797] sd 2:0:1:0: [sdb] 20480 512-byte logical blocks: (10.5 MB/10.0 MiB)
[    4.904090] sd 2:0:0:0: [sda] Incomplete mode parameter data
[    4.913886] sd 2:0:0:0: [sda] Assuming drive cache: write through
[    4.913953] sd 2:0:1:0: [sdb] Write Protect is off
[    4.923760] sd 2:0:1:0: [sdb] Incomplete mode parameter data
[    4.928361] sd 2:0:1:0: [sdb] Assuming drive cache: write through
[    4.935917]  sda: sda1
[    4.944359] sd 2:0:0:0: [sda] Attached SCSI disk
[    4.952797] sd 2:0:1:0: [sdb] Attached SCSI disk
[    4.957658] e1000 0000:00:08.0 eth1: (PCI:33MHz:32-bit) 08:00:27:4f:da:21
[    4.963015] e1000 0000:00:08.0 eth1: Intel(R) PRO/1000 Network Connection
[    4.970178] e1000 0000:00:08.0 enp0s8: renamed from eth1
[    4.989033] e1000 0000:00:03.0 enp0s3: renamed from eth0
Begin: Loading essential drivers ... [    7.636092] raid6: sse2x1   gen() 307301 MB/s
[    8.636993] raid6: sse2x1   xor() 273411 MB/s
[   10.637723] raid6: sse2x2   gen() 443013 MB/s
[   11.687025] raid6: sse2x2   xor() 14185 MB/s
[   11.740623] raid6: sse2x4   gen() 20629 MB/s
[   11.794509] raid6: sse2x4   xor() 13830 MB/s
[   11.798600] raid6: using algorithm sse2x2 gen() 443013 MB/s
[   11.803097] raid6: .... xor() 14185 MB/s, rmw enabled
[   11.807054] raid6: using ssse3x2 recovery algorithm
[   11.812610] xor: measuring software checksum speed
[   11.852822]    prefetch64-sse: 27268.000 MB/sec
[   11.892117]    generic_sse: 23642.000 MB/sec
[   11.895845] xor: using function: prefetch64-sse (27268.000 MB/sec)
[   11.901802] async_tx: api initialized (async)
done.
Begin: Running /scripts/init-premount ... done.
Begin: Mounting root file system ... Begin: Running /scripts/local-top ... done.
Begin: Running /scripts/local-premount ... [   11.947293] Btrfs loaded, crc32c=crc32c-intel
Scanning for Btrfs filesystems
done.
Warning: fsck not present, so skipping root file system
[   11.993783] EXT4-fs (sda1): mounted filesystem with ordered data mode. Opts: (null)
done.
Begin: Running /scripts/local-bottom ... done.
Begin: Running /scripts/init-bottom ... done.
[   12.231566] ip_tables: (C) 2000-2006 Netfilter Core Team
[   12.249044] systemd[1]: systemd 237 running in system mode. (+PAM +AUDIT +SELINUX +IMA +APPARMOR +SMACK +SYSVINIT +UTMP +LIBCRYPTSETUP +GCRYPT +GNUTLS +ACL +XZ +LZ4 +SECCOMP +BLKID +ELFUTILS +KMOD -IDN2 +IDN -PCRE2 default-hierarchy=hybrid)
[   12.264681] systemd[1]: Detected virtualization oracle.
[   12.269521] systemd[1]: Detected architecture x86-64.

Welcome to [1mUbuntu 18.04.6 LTS[0m!

[   12.298234] systemd[1]: Set hostname to <ubuntu>.
[   12.307525] random: systemd: uninitialized urandom read (16 bytes read)
[   12.312830] systemd[1]: Initializing machine ID from random generator.
[   12.317901] systemd[1]: Installed transient /etc/machine-id file.
[   12.661994] random: systemd: uninitialized urandom read (16 bytes read)
[   12.677199] systemd[1]: Created slice System Slice.
[[0;32m  OK  [0m] Created slice System Slice.
[   12.684917] random: systemd: uninitialized urandom read (16 bytes read)
[   12.690238] systemd[1]: Listening on Syslog Socket.
[[0;32m  OK  [0m] Listening on Syslog Socket.
[   12.697422] systemd[1]: Listening on LVM2 metadata daemon socket.
[[0;32m  OK  [0m] Listening on LVM2 metadata daemon socket.
[   12.705967] systemd[1]: Listening on LVM2 poll daemon socket.
[[0;32m  OK  [0m] Listening on LVM2 poll daemon socket.
[[0;32m  OK  [0m] Created slice system-serial\x2dgetty.slice.
[[0;32m  OK  [0m] Reached target Swap.
[[0;32m  OK  [0m] Listening on Network Service Netlink Socket.
[[0;32m  OK  [0m] Listening on udev Control Socket.
[[0;32m  OK  [0m] Listening on udev Kernel Socket.
[[0;32m  OK  [0m] Listening on Device-mapper event daemon FIFOs.
[[0;32m  OK  [0m] Created slice User and Session Slice.
[[0;32m  OK  [0m] Reached target Slices.
[[0;32m  OK  [0m] Listening on fsck to fsckd communication Socket.
[[0;32m  OK  [0m] Set up automount Arbitrary Executabâ€¦rmats File System Automount Point.
[[0;32m  OK  [0m] Listening on /dev/initctl Compatibility Named Pipe.
[[0;32m  OK  [0m] Reached target System Time Synchronized.
[[0;32m  OK  [0m] Started Forward Password Requests to Wall Directory Watch.
[[0;32m  OK  [0m] Reached target User and Group Name Lookups.
[[0;32m  OK  [0m] Listening on Journal Socket (/dev/log).
[[0;32m  OK  [0m] Listening on Journal Audit Socket.
[[0;32m  OK  [0m] Listening on Journal Socket.
         Starting File System Check on Root Device...
         Starting Uncomplicated firewall...
         Starting Set the console keyboard layout...
         Mounting Huge Pages File System...
         Mounting POSIX Message Queue File System...
         Starting Monitoring of LVM2 mirrorsâ€¦ng dmeventd or progress polling...
         Mounting Kernel Debug File System...
[   13.466335] random: systemd: uninitialized urandom read (16 bytes read)
         Starting Load Kernel Modules...
[   13.487874] random: systemd: uninitialized urandom read (16 bytes read)
         Starting Create list of required stâ€¦ce nodes for the current kernel...
[   13.499160] random: systemd: uninitialized urandom read (16 bytes read)
         Starting udev Coldplug all Devices...
         Starting Journal Service...
[[0;32m  OK  [0m] Started File System Check on Root Device.[   13.552664] Loading iSCSI transport class v2.0-870.

[[0;32m  OK  [0m] Started Uncomplicated firewall.
[[0;32m  OK  [0m] Mounted Huge Pages File System.
[[0;32m  OK  [0m] Mounted POSIX Message Queue File System.
[[0;32m  OK  [0m] Mounted Kernel Debug File System.
[[0;32m  OK  [0m] Started Create list of required staâ€¦vice nodes for the current kernel.
[[0;32m  OK  [0m] Started File System Check Daemon to report status.
[[0;32m  OK  [0m] Started LVM2 metadata daemon.
         Starting Create Static Device Nodes in /dev...
         Starting Remount Root and Kernel File Systems...
[   13.589552] iscsi: registered transport (tcp)
[[0;32m  OK  [0m] Started udev Coldplug all Devices.
[[0;32m  OK  [0m] Started Create Static Device Nodes in /dev.
[[0;32m  OK  [0m] Started Journal Service.
[   13.685093] iscsi: registered transport (iser)
[[0;32m  OK  [0m] Started Load Kernel Modules.
         Starting Apply Kernel Variables...
         Mounting FUSE Control File System...
         Mounting Kernel Configuration File System...
[[0;32m  OK  [0m] Mounted Kernel Configuration File System.[   13.711890] EXT4-fs (sda1): re-mounted. Opts: (null)

[[0;32m  OK  [0m] Mounted FUSE Control File System.
[[0;32m  OK  [0m] Started Remount Root and Kernel File Systems.
         Starting Load/Save Random Seed...
         Starting Flush Journal to Persistent Storage...
         Starting udev Kernel Device Manager...
[[0;32m  OK  [0m] Started Monitoring of LVM2 mirrors,â€¦sing dmeventd or progress polling.
[[0;32m  OK  [0m] Started Apply Kernel Variables.
[[0;32m  OK  [0m] Started Load/Save Random Seed.
[[0;32m  OK  [0m] Started udev Kernel Device Manager.
[[0;32m  OK  [0m] Started Flush Journal to Persistent Storage.
[[0;32m  OK  [0m] Found device /dev/ttyS0.
[[0;32m  OK  [0m] Started Set the console keyboard layout.
[[0;32m  OK  [0m] Started Dispatch Password Requests to Console Directory Watch.
[[0;32m  OK  [0m] Reached target Local Encrypted Volumes.
[[0;32m  OK  [0m] Reached target Local File Systems (Pre).
[[0;32m  OK  [0m] Reached target Local File Systems.
         Starting ebtables ruleset management...
         Starting AppArmor initialization...
         Starting Tell Plymouth To Write Out Runtime Data...
         Starting Set console font and keymap...
         Starting Create Volatile Files and Directories...
         Starting Commit a transient machine-id on disk...
[[0;32m  OK  [0m] Listening on Load/Save RF Kill Switch Status /dev/rfkill Watch.
[[0;32m  OK  [0m] Started Tell Plymouth To Write Out Runtime Data.
[[0;32m  OK  [0m] Started Create Volatile Files and Directories.
[[0;32m  OK  [0m] Started Commit a transient machine-id on disk.
         Starting Update UTMP about System Boot/Shutdown...
[[0;32m  OK  [0m] Started Update UTMP about System Boot/Shutdown.
[[0;32m  OK  [0m] Started ebtables ruleset management.
[[0;32m  OK  [0m] Started AppArmor initialization.
         Starting Load AppArmor profiles managed internally by snapd...
         Starting Initial cloud-init job (pre-networking)...
[[0;32m  OK  [0m] Started Load AppArmor profiles managed internally by snapd.
[[0;32m  OK  [0m] Started Set console font and keymap.
[   16.510864] cloud-init[733]: Cloud-init v. 22.3.4-0ubuntu1~18.04.1 running 'init-local' at Thu, 20 Oct 2022 16:54:26 +0000. Up 16.21 seconds.
[[0;32m  OK  [0m] Started Initial cloud-init job (pre-networking).
[[0;32m  OK  [0m] Reached target Network (Pre).
         Starting Network Service...
[[0;32m  OK  [0m] Started Network Service.
         Starting Network Name Resolution...
         Starting Wait for Network to be Configured...
[[0;32m  OK  [0m] Started Network Name Resolution.
[[0;32m  OK  [0m] Reached target Host and Network Name Lookups.
[[0;32m  OK  [0m] Reached target Network.
[[0;32m  OK  [0m] Started Wait for Network to be Configured.
         Starting Initial cloud-init job (metadata service crawler)...
[   18.052308] cloud-init[886]: Cloud-init v. 22.3.4-0ubuntu1~18.04.1 running 'init' at Thu, 20 Oct 2022 16:54:27 +0000. Up 17.95 seconds.
[   18.055748] cloud-init[886]: ci-info: ++++++++++++++++++++++++++++++++++++++Net device info+++++++++++++++++++++++++++++++++++++++
[   18.059386] cloud-init[886]: ci-info: +--------+-------+----------------------------+---------------+--------+-------------------+
[   18.062370] cloud-init[886]: ci-info: | Device |   Up  |          Address           |      Mask     | Scope  |     Hw-Address    |
[   18.065469] cloud-init[886]: ci-info: +--------+-------+----------------------------+---------------+--------+-------------------+
[   18.068606] cloud-init[886]: ci-info: | enp0s3 |  True |         10.0.2.15          | 255.255.255.0 | global | 02:ef:f7:70:2e:71 |
[   18.071782] cloud-init[886]: ci-info: | enp0s3 |  True | fe80::ef:f7ff:fe70:2e71/64 |       .       |  link  | 02:ef:f7:70:2e:71 |
[   18.077044] cloud-init[886]: ci-info: | enp0s8 | False |             .              |       .       |   .    | 08:00:27:4f:da:21 |
[   18.082205] cloud-init[886]: ci-info: |   lo   |  True |         127.0.0.1          |   255.0.0.0   |  host  |         .         |
[   18.087102] cloud-init[886]: ci-info: |   lo   |  True |          ::1/128           |       .       |  host  |         .         |
[   18.092547] cloud-init[886]: ci-info: +--------+-------+----------------------------+---------------+--------+-------------------+
[   18.098450] cloud-init[886]: ci-info: ++++++++++++++++++++++++++++Route IPv4 info+++++++++++++++++++++++++++++
[   18.103273] cloud-init[886]: ci-info: +-------+-------------+----------+-----------------+-----------+-------+
[   18.108080] cloud-init[886]: ci-info: | Route | Destination | Gateway  |     Genmask     | Interface | Flags |
[   18.113843] cloud-init[886]: ci-info: +-------+-------------+----------+-----------------+-----------+-------+
[   18.118452] cloud-init[886]: ci-info: |   0   |   0.0.0.0   | 10.0.2.2 |     0.0.0.0     |   enp0s3  |   UG  |
[   18.123258] cloud-init[886]: ci-info: |   1   |   10.0.2.0  | 0.0.0.0  |  255.255.255.0  |   enp0s3  |   U   |
[   18.127817] cloud-init[886]: ci-info: |   2   |   10.0.2.2  | 0.0.0.0  | 255.255.255.255 |   enp0s3  |   UH  |
[   18.132682] cloud-init[886]: ci-info: +-------+-------------+----------+-----------------+-----------+-------+
[   18.137409] cloud-init[886]: ci-info: +++++++++++++++++++Route IPv6 info+++++++++++++++++++
[   18.141393] cloud-init[886]: ci-info: +-------+-------------+---------+-----------+-------+
[   18.146035] cloud-init[886]: ci-info: | Route | Destination | Gateway | Interface | Flags |
[   18.150343] cloud-init[886]: ci-info: +-------+-------------+---------+-----------+-------+
[   18.154860] cloud-init[886]: ci-info: |   1   |  fe80::/64  |    ::   |   enp0s3  |   U   |
[   18.159383] cloud-init[886]: ci-info: |   3   |    local    |    ::   |   enp0s3  |   U   |
[   18.163577] cloud-init[886]: ci-info: |   4   |   ff00::/8  |    ::   |   enp0s3  |   U   |
[   18.168051] cloud-init[886]: ci-info: +-------+-------------+---------+-----------+-------+
[   18.864114] cloud-init[886]: Generating public/private rsa key pair.
[   18.866002] cloud-init[886]: Your identification has been saved in /etc/ssh/ssh_host_rsa_key.
[   18.868802] cloud-init[886]: Your public key has been saved in /etc/ssh/ssh_host_rsa_key.pub.
[   18.871268] cloud-init[886]: The key fingerprint is:
[   18.873042] cloud-init[886]: SHA256:Qe6VvNwUkPZMyk5nQN3IJYJCUf4gVSsFizsEbxcBgnI root@ubuntu-bionic
[   18.875473] cloud-init[886]: The key's randomart image is:
[   18.877285] cloud-init[886]: +---[RSA 2048]----+
[   18.878820] cloud-init[886]: |   .o.++B**=o+.  |
[   18.880252] cloud-init[886]: |. E  +.*.=++=o.  |
[   18.881645] cloud-init[886]: | o    *.Oo=*.    |
[   18.882957] cloud-init[886]: |     o = B++=    |
[   18.884312] cloud-init[886]: |      o So+o.    |
[   18.885668] cloud-init[886]: |       .  .      |
[   18.887017] cloud-init[886]: |                 |
[   18.888660] cloud-init[886]: |                 |
[   18.889943] cloud-init[886]: |                 |
[   18.891354] cloud-init[886]: +----[SHA256]-----+
[   18.892858] cloud-init[886]: Generating public/private dsa key pair.
[   18.894730] cloud-init[886]: Your identification has been saved in /etc/ssh/ssh_host_dsa_key.
[   18.897084] cloud-init[886]: Your public key has been saved in /etc/ssh/ssh_host_dsa_key.pub.
[   18.899646] cloud-init[886]: The key fingerprint is:
[   18.901064] cloud-init[886]: SHA256:MnyvpjxMERC3VE99545QVkYGa6GZYby6LUJH8KUrfnA root@ubuntu-bionic
[   18.903486] cloud-init[886]: The key's randomart image is:
[   18.905013] cloud-init[886]: +---[DSA 1024]----+
[   18.906331] cloud-init[886]: |    ooo.. .oo o+=|
[   18.907707] cloud-init[886]: |     o...o .+=+=.|
[   18.909281] cloud-init[886]: |      .. o.o+=oo |
[   18.910553] cloud-init[886]: |     ..   + o.  .|
[   18.911849] cloud-init[886]: |      +.S. o . o |
[   18.913213] cloud-init[886]: |      .++.E   . .|
[   18.914570] cloud-init[886]: |     o o =.o     |
[   18.916222] cloud-init[886]: |     .o +.+ .    |
[   18.917537] cloud-init[886]: |      o+.o .     |
[   18.918830] cloud-init[886]: +----[SHA256]-----+
[   18.920226] cloud-init[886]: Generating public/private ecdsa key pair.
[   18.922186] cloud-init[886]: Your identification has been saved in /etc/ssh/ssh_host_ecdsa_key.
[   18.924725] cloud-init[886]: Your public key has been saved in /etc/ssh/ssh_host_ecdsa_key.pub.
[   18.927102] cloud-init[886]: The key fingerprint is:
[   18.928873] cloud-init[886]: SHA256:vY+/VtM09Ez3q11nE6SjjSMG02neiTs2te27it7eWXk root@ubuntu-bionic
[   18.931316] cloud-init[886]: The key's randomart image is:
[   18.933009] cloud-init[886]: +---[ECDSA 256]---+
[   18.934315] cloud-init[886]: |                 |
[   18.935606] cloud-init[886]: |               oo|
[   18.936912] cloud-init[886]: |        . .   +o+|
[   18.938262] cloud-init[886]: |       o =   o o=|
[   18.939591] cloud-init[886]: |        S + = .o+|
[   18.940841] cloud-init[886]: |         = O .oo*|
[   18.942183] cloud-init[886]: |        . = +.o=E|
[   18.943503] cloud-init[886]: |         =o+ooo..|
[   18.944834] cloud-init[886]: |        oo=**Bo  |
[   18.946130] cloud-init[886]: +----[SHA256]-----+
[   18.947447] cloud-init[886]: Generating public/private ed25519 key pair.
[   18.949448] cloud-init[886]: Your identification has been saved in /etc/ssh/ssh_host_ed25519_key.
[   18.951829] cloud-init[886]: Your public key has been saved in /etc/ssh/ssh_host_ed25519_key.pub.
[   18.954493] cloud-init[886]: The key fingerprint is:
[   18.955866] cloud-init[886]: SHA256:E/xPnHjWwVq2ELFhDKDzUIbGQNTEi9jlcSz7+1LsG2A root@ubuntu-bionic
[   18.958278] cloud-init[886]: The key's randomart image is:
[   18.959630] cloud-init[886]: +--[ED25519 256]--+
[   18.961004] cloud-init[886]: |   o+*.o+..o=.   |
[   18.962376] cloud-init[886]: |      X=o  ..=   |
[   18.963726] cloud-init[886]: |   o =+*o   o =  |
[   18.965078] cloud-init[886]: |  . o ++ o o B o |
[   18.966426] cloud-init[886]: |       .E.o B o  |
[   18.967738] cloud-init[886]: |       ..oo=     |
[   18.969308] cloud-init[886]: |         +. .    |
[   18.970625] cloud-init[886]: |        o ..     |
[   18.972241] cloud-init[886]: |         oo.     |
[   18.973585] cloud-init[886]: +----[SHA256]-----+
[[0;32m  OK  [0m] Started Initial cloud-init job (metadata service crawler).
[[0;32m  OK  [0m] Reached target Cloud-config availability.
[[0;32m  OK  [0m] Reached target System Initialization.
[[0;32m  OK  [0m] Started Daily apt download activities.
[[0;32m  OK  [0m] Listening on cloud-init hotplug hook socket.
[[0;32m  OK  [0m] Started Daily apt upgrade and clean activities.
         Starting LXD - unix socket.
         Starting Socket activation for snappy daemon.
[[0;32m  OK  [0m] Listening on Open-iSCSI iscsid Socket.
[[0;32m  OK  [0m] Listening on ACPID Listen Socket.
[[0;32m  OK  [0m] Started Daily Cleanup of Temporary Directories.
[[0;32m  OK  [0m] Listening on UUID daemon activation socket.
[[0;32m  OK  [0m] Started Message of the Day.
[[0;32m  OK  [0m] Started Ubuntu Advantage Timer for running repeated jobs.
[[0;32m  OK  [0m] Started ACPI Events Check.
[[0;32m  OK  [0m] Listening on D-Bus System Message Bus Socket.
[[0;32m  OK  [0m] Reached target Paths.
[[0;32m  OK  [0m] Started Discard unused blocks once a week.
[[0;32m  OK  [0m] Reached target Timers.
[[0;32m  OK  [0m] Reached target Network is Online.
         Starting Availability of block devices...
[[0;32m  OK  [0m] Reached target Remote File Systems (Pre).
[[0;32m  OK  [0m] Reached target Remote File Systems.
[[0;32m  OK  [0m] Listening on LXD - unix socket.
[[0;32m  OK  [0m] Listening on Socket activation for snappy daemon.
[[0;32m  OK  [0m] Started Availability of block devices.
[[0;32m  OK  [0m] Reached target Sockets.
[[0;32m  OK  [0m] Reached target Basic System.
[[0;32m  OK  [0m] Started Deferred execution scheduler.
         Starting Accounts Service...
         Starting LSB: Record successful boot for GRUB...
         Starting Permit User Sessions...
         Starting Virtualbox guest utils...
         Starting Pollinate to seed the pseudo random number generator...
         Starting System Logging Service...
[[0;32m  OK  [0m] Started D-Bus System Message Bus.
[[0;32m  OK  [0m] Started Regular background program processing daemon.
         Starting LSB: automatic crash report generation...
         Starting Snap Daemon...
[[0;32m  OK  [0m] Started FUSE filesystem for LXC.
[[0;32m  OK  [0m] Started irqbalance daemon.
         Starting Login Service...
         Starting Dispatcher daemon for systemd-networkd...
         Starting LXD - container startup/shutdown...
[[0;32m  OK  [0m] Started System Logging Service.
[[0;32m  OK  [0m] Started Permit User Sessions.
[[0;32m  OK  [0m] Started Login Service.
[[0;32m  OK  [0m] Started LSB: automatic crash report generation.
[[0;32m  OK  [0m] Started Unattended Upgrades Shutdown.
         Starting Authorization Manager...
         Starting Terminate Plymouth Boot Screen...
         Starting Hold until boot process finishes up...
[[0;32m  OK  [0m] Started Terminate Plymouth Boot Screen.
[[0;32m  OK  [0m] Started Hold until boot process finishes up.
         Starting Set console scheme...
[[0;32m  OK  [0m] Started Serial Getty on ttyS0.
[[0;32m  OK  [0m] Started Set console scheme.
[[0;32m  OK  [0m] Created slice system-getty.slice.
[[0;32m  OK  [0m] Started Getty on tty1.
[[0;32m  OK  [0m] Reached target Login Prompts.
[[0;32m  OK  [0m] Started LSB: Record successful boot for GRUB.
[[0;32m  OK  [0m] Started Authorization Manager.
[[0;32m  OK  [0m] Started Accounts Service.
[[0;32m  OK  [0m] Started LXD - container startup/shutdown.
[[0;32m  OK  [0m] Started Virtualbox guest utils.
[[0;32m  OK  [0m] Started Dispatcher daemon for systemd-networkd.
[[0;32m  OK  [0m] Started Snap Daemon.
         Starting Wait until snapd is fully seeded...
         Starting Time & Date Service...
[[0;32m  OK  [0m] Started Time & Date Service.
[[0;32m  OK  [0m] Started Pollinate to seed the pseudo random number generator.
         Starting OpenBSD Secure Shell server...
[[0;32m  OK  [0m] Started OpenBSD Secure Shell server.
[[0;32m  OK  [0m] Created slice User Slice of vagrant.
         Starting User Manager for UID 1000...
[[0;32m  OK  [0m] Started Session 1 of user vagrant.
[[0;32m  OK  [0m] Started User Manager for UID 1000.
[[0;32m  OK  [0m] Started Wait until snapd is fully seeded.
         Starting Apply the settings specified in cloud-config...
[   23.188545] cloud-init[1474]: Cloud-init v. 22.3.4-0ubuntu1~18.04.1 running 'modules:config' at Thu, 20 Oct 2022 16:54:31 +0000. Up 22.00 seconds.
[[0;32m  OK  [0m] Started Apply the settings specified in cloud-config.
[[0;32m  OK  [0m] Reached target Multi-User System.
         Starting Execute cloud user/final scripts...
[[0;32m  OK  [0m] Reached target Graphical Interface.
         Starting Update UTMP about System Runlevel Changes...
[[0;32m  OK  [0m] Started Update UTMP about System Runlevel Changes.
ci-info: no authorized SSH keys fingerprints found for user ubuntu.
<14>Oct 20 16:54:33 cloud-init: #############################################################
<14>Oct 20 16:54:33 cloud-init: -----BEGIN SSH HOST KEY FINGERPRINTS-----
<14>Oct 20 16:54:33 cloud-init: 1024 SHA256:MnyvpjxMERC3VE99545QVkYGa6GZYby6LUJH8KUrfnA root@ubuntu-bionic (DSA)
<14>Oct 20 16:54:33 cloud-init: 256 SHA256:vY+/VtM09Ez3q11nE6SjjSMG02neiTs2te27it7eWXk root@ubuntu-bionic (ECDSA)
<14>Oct 20 16:54:33 cloud-init: 256 SHA256:E/xPnHjWwVq2ELFhDKDzUIbGQNTEi9jlcSz7+1LsG2A root@ubuntu-bionic (ED25519)
<14>Oct 20 16:54:33 cloud-init: 2048 SHA256:Qe6VvNwUkPZMyk5nQN3IJYJCUf4gVSsFizsEbxcBgnI root@ubuntu-bionic (RSA)
<14>Oct 20 16:54:33 cloud-init: -----END SSH HOST KEY FINGERPRINTS-----
<14>Oct 20 16:54:33 cloud-init: #############################################################
-----BEGIN SSH HOST KEY KEYS-----
ecdsa-sha2-nistp256 AAAAE2VjZHNhLXNoYTItbmlzdHAyNTYAAAAIbmlzdHAyNTYAAABBBHgnnkZUm6CrHOvELu1WNkvcpqRoa5T0XK82p7GaAgfOmNu2UmiOWfYmye7hKZV4xdyCM8PBSfsAVd/EJOWUjVE= root@ubuntu-bionic
ssh-ed25519 AAAAC3NzaC1lZDI1NTE5AAAAIJK9gRGfUYSFODpy5Eg/fL5ObVD87XD0yfqZKHwO+rrs root@ubuntu-bionic
ssh-rsa AAAAB3NzaC1yc2EAAAADAQABAAABAQCzq35UxSW4H5x/wzZxEya/eO6C7J+6nCcv8/LefTbZqIpgyC63qLmlqZ7RxJLkqkQiPgr5kRRswRLpDfQPvi5bx7qaUkx3/jy8sy+ffZYwqn31AJRNo0f5xJ/cMV6dXrKA3CCSUTP0YfgCotjPILVtXROv2sxTFmeRQVIs7qUbvCKLqUOimxC22sE316BzUMA7bbR2oI0LBymT3arVYHTLGjxMRs7oL2s2rAGe3iG/NOLo6N6+0SiCG8AGi7crPSDk3B3tM3cTkxSZ/CdFTM0qCYTzeb5CM7nNDnbwDALaE9bDI7ATI6TgSfECYnTD6p9WHUsw4hj3A+YeLHs         Stopping Authorization Manager...
         Stopping Availability of block devices...
         Stopping Session 6 of user vagrant.
[[0;32m  OK  [0m] Stopped target Host and Network Name Lookups.
[[0;32m  OK  [0m] Stopped target Graphical Interface.
         Stopping Accounts Service...
         Stopping User Manager for UID 1000...
[[0;32m  OK  [0m] Closed Load/Save RF Kill Switch Status /dev/rfkill Watch.
[[0;32m  OK  [0m] Stopped target Cloud-init target.
[[0;32m  OK  [0m] Stopped Execute cloud user/final scripts.
[[0;32m  OK  [0m] Stopped target Multi-User System.
         Stopping irqbalance daemon...
         Stopping Deferred execution scheduler...
         Stopping System Logging Service...
         Stopping A high performance web server and a reverse proxy server...
         Stopping Dispatcher daemon for systemd-networkd...
[[0;32m  OK  [0m] Stopped target Login Prompts.
         Stopping Serial Getty on ttyS0...
         Stopping OpenBSD Secure Shell server...
         Stopping LSB: Record successful boot for GRUB...
         Stopping LXD - container startup/shutdown...
         Stopping LSB: automatic crash report generation...
         Stopping D-Bus System Message Bus...
         Stopping Regular background program processing daemon...
         Stopping FUSE filesystem for LXC...
         Stopping Virtualbox guest utils...
[[0;32m  OK  [0m] Stopped Apply the settings specified in cloud-config.
[[0;32m  OK  [0m] Stopped Wait until snapd is fully seeded.
[[0;32m  OK  [0m] Stopped target Cloud-config availability.
         Stopping Getty on tty1...
[[0;3[[0;32m  OK  [0m] Stopped Regular background program processing daemon.
[[0;32m  OK  [0m] Unmounted /var/lib/lxcfs.
[[0;32m  OK  [0m] Stopped System Logging Service.
[[0;32m  OK  [0m] Stopped irqbalance daemon.
[[0;32m  OK  [0m] Stopped Accounts Service.
[[0;32m  OK  [0m] Stopped Authorization Manager.
[[0;32m  OK  [0m] Stopped OpenBSD Secure Shell server.
[[0;32m  OK  [0m] Stopped User Manager for UID 1000.
[[0;32m  OK  [0m] Stopped D-Bus System Message Bus.
[[0;32m  OK  [0m] Stopped Session 6 of user vagrant.
[[0;32m  OK  [0m] Stopped Availability of block devices.
[[0;32m  OK  [0m] Stopped Getty on tty1.
[[0;32m  OK  [0m] Stopped Serial Getty on ttyS0.
[[0;32m  OK  [0m] Stopped A high performance web server and a reverse proxy server.
[[0;32m  OK  [0m] Stopped FUSE filesystem for LXC.
[[0;32m  OK  [0m] Stopped LXD - container startup/shutdown.
[[0;32m  OK  [0m] Removed slice system-serial\x2dgetty.slice.
[[0;32m  OK  [0m] Removed slice system-getty.slice.
[[0;32m  OK  [0m] Removed slice User Slice of vagrant.
         Stopping Permit User Sessions...
         Stopping Login Service...
[[0;32m  OK  [0m] Stopped LSB: Record successful boot for GRUB.
[[0;32m  OK  [0m] Stopped LSB: automatic crash report generation.
[[0;32m  OK  [0m] Stopped Permit User Sessions.
[[0;32m  OK  [0m] Stopped target Remote File Systems.
         Unmounting /vagrant...
         Unmounting /home/vagrant/app...
         Unmounting /home/vagrant/environment...
[[0;32m  OK  [0m] Stopped Virtualbox guest utils.
[[0;32m  OK  [0m] Unmounted /vagrant.
[[0;32m  OK  [0m] Unmounted /home/vagrant/app.
[[0;32m  OK  [0m] Unmounted /home/vagrant/environment.
[[0;32m  OK  [0m] Stopped target Network is Online.
[[0;32m  OK  [0m] Stopped target Network.
         Stopping Network Name Resolution...
[[0;32m  OK  [0m] Stopped target Remote File Systems (Pre).
[[0;32m  OK  [0m] Stopped Login Service.
[[0;32m  OK  [0m] Stopped target Basic System.
[[0;32m  OK  [0m] Stopped target Sockets.
[[0;32m  OK  [0m] Closed LXD - unix socket.
[[0;32m  OK  [0m] Closed ACPID Listen Socket.
[[0;32m  OK  [0m] Closed Open-iSCSI iscsid Socket.
[[0;32m  OK  [0m] Closed UUID daemon activation socket.
[[0;32m  OK  [0m] Closed Socket activation for snappy daemon.
[[0;32m  OK  [0m] Closed D-Bus System Message Bus Socket.
[[0;32m  OK  [0m] Closed Syslog Socket.
[[0;32m  OK  [0m] Closed cloud-init hotplug hook socket.
[[0;32m  OK  [0m] Stopped target Paths.
[[0;32m  OK  [0m] Stopped ACPI Events Check.
[[0;32m  OK  [0m] Stopped target System Initialization.
[[0;32m  OK  [0m] Stopped Commit a transient machine-id on disk.
[[0;32m  OK  [0m] Stopped target Local Encrypted Volumes.
[[0;32m  OK  [0m] Stopped Dispatch Password Requests to Console Directory Watch.
[[0;32m  OK  [0m] Stopped Forward Password Requests to Wall Directory Watch.
         Stopping Update UTMP about System Boot/Shutdown...
[[0;32m  OK  [0m] Stopped Initial cloud-init job (metadata service crawler).
         Stopping Load/Save Random Seed...
[[0;32m  OK  [0m] Stopped target Slices.
[[0;32m  OK  [0m] Removed slice User and Session Slice.
[[0;32m  OK  [0m] Stopped target User and Group Name Lookups.
[[0;32m  OK  [0m] Stopped Network Name Resolution.
         Stopping Network Service...
[[0;32m  OK  [0m] Stopped Update UTMP about System Boot/Shutdown.
[[0;32m  OK  [0m] Stopped Create Volatile Files and Directories.
[[0;32m  OK  [0m] Stopped target Local File Systems.
         Unmounting /run/user/1000...
[[0;32m  OK  [0m] Stopped Load/Save Random Seed.
[[0;32m  OK  [0m] Unmounted /run/user/1000.
[[0;32m  OK  [0m] Reached target Unmount All Filesystems.
[[0;32m  OK  [0m] Stopped target Local File Systems (Pre).
[[0;32m  OK  [0m] Stopped Create Static Device Nodes in /dev.
         Stopping Monitoring of LVM2 mirrorsâ€¦ng dmeventd or progress polling...
[[0;32m  OK  [0m] Stopped target Swap.
[[0;32m  OK  [0m] Stopped Monitoring of LVM2 mirrors,â€¦sing dmeventd or progress polling.
[[0;32m  OK  [0m] Stopped Network Service.
[[0;32m  OK  [0m] Stopped Apply Kernel Variables.
[[0;32m  OK  [0m] Stopped Load Kernel Modules.
[[0;32m  OK  [0m] Stopped target Network (Pre).
[[0;32m  OK  [0m] Stopped Initial cloud-init job (pre-networking).
[[0;32m  OK  [0m] Stopped Remount Root and Kernel File Systems.
[[0;32m  OK  [0m] Reached target Shutdown.
[[0;32m  OK  [0m] Reached target Final Step.
         Starting Power-Off...
         Stopping LVM2 metadata daemon...
[[0;32m  OK  [0m] Stopped LVM2 metadata daemon.
[ 1130.613336] reboot: Power down
1000.
[[0;32m  OK  [0m] Reached target Unmount All Filesystems.
[[0;32m  OK  [0m] Stopped target Local File Systems (Pre).
         Stopping Monitoring of LVM2 mirrorsâ€¦ng dmeventd or progress polling...
[[0;32m  OK  [0m] Stopped Create Static Device Nodes in /dev.
[[0;32m  OK  [0m] Stopped target Swap.
[[0;32m  OK  [0m] Stopped Monitoring of LVM2 mirrors,â€¦sing dmeventd or progress polling.
         Stopping LVM2 metadata daemon...
[[0;32m  OK  [0m] Stopped LVM2 metadata daemon.
[[0;32m  OK  [0m] Stopped Network Service.
[[0;32m  OK  [0m] Stopped target Network (Pre).
[[0;32m  OK  [0m] Stopped Initial cloud-init job (pre-networking).
[[0;32m  OK  [0m] Stopped Remount Root and Kernel File Systems.
[[0;32m  OK  [0m] Stopped Apply Kernel Variables.
[[0;32m  OK  [0m] Stopped Load Kernel Modules.
[[0;32m  OK  [0m] Reached target Shutdown.
[[0;32m  OK  [0m] Reached target Final Step.
         Starting Power-Off...
[  981.361451] reboot: Power down
